<?xml version="1.0"?>
<link_info>
   <banner>TI ARM Linker PC v5.1.1</banner>
   <copyright>Copyright (c) 1996-2013 Texas Instruments Incorporated</copyright>
   <link_time>0x5410d293</link_time>
   <link_errors>0x0</link_errors>
   <output_file>TeslaGallery.out</output_file>
   <entry_point>
      <name>_c_int00</name>
      <address>0x4ec5</address>
   </entry_point>
   <input_file_list>
      <input_file id="fl-2">
         <path>.\</path>
         <kind>object</kind>
         <file>uart.obj</file>
         <name>uart.obj</name>
      </input_file>
      <input_file id="fl-3">
         <path>.\</path>
         <kind>object</kind>
         <file>tm4c123gh6pm_startup_ccs.obj</file>
         <name>tm4c123gh6pm_startup_ccs.obj</name>
      </input_file>
      <input_file id="fl-4">
         <path>.\</path>
         <kind>object</kind>
         <file>timing.obj</file>
         <name>timing.obj</name>
      </input_file>
      <input_file id="fl-5">
         <path>.\</path>
         <kind>object</kind>
         <file>task.obj</file>
         <name>task.obj</name>
      </input_file>
      <input_file id="fl-6">
         <path>.\</path>
         <kind>object</kind>
         <file>subsys.obj</file>
         <name>subsys.obj</name>
      </input_file>
      <input_file id="fl-7">
         <path>.\</path>
         <kind>object</kind>
         <file>sensor.obj</file>
         <name>sensor.obj</name>
      </input_file>
      <input_file id="fl-8">
         <path>.\</path>
         <kind>object</kind>
         <file>pwm.obj</file>
         <name>pwm.obj</name>
      </input_file>
      <input_file id="fl-9">
         <path>.\</path>
         <kind>object</kind>
         <file>motor.obj</file>
         <name>motor.obj</name>
      </input_file>
      <input_file id="fl-a">
         <path>.\</path>
         <kind>object</kind>
         <file>midi.obj</file>
         <name>midi.obj</name>
      </input_file>
      <input_file id="fl-b">
         <path>.\</path>
         <kind>object</kind>
         <file>major.obj</file>
         <name>major.obj</name>
      </input_file>
      <input_file id="fl-c">
         <path>.\</path>
         <kind>object</kind>
         <file>main.obj</file>
         <name>main.obj</name>
      </input_file>
      <input_file id="fl-d">
         <path>.\</path>
         <kind>object</kind>
         <file>buffer_printf.obj</file>
         <name>buffer_printf.obj</name>
      </input_file>
      <input_file id="fl-e">
         <path>.\</path>
         <kind>object</kind>
         <file>buffer.obj</file>
         <name>buffer.obj</name>
      </input_file>
      <input_file id="fl-13c">
         <path>C:\ti\ccsv5\tools\compiler\arm_5.1.1\lib\</path>
         <kind>archive</kind>
         <file>rtsv7M4_T_le_v4SPD16_eabi.lib</file>
         <name>boot.obj</name>
      </input_file>
      <input_file id="fl-13d">
         <path>C:\ti\ccsv5\tools\compiler\arm_5.1.1\lib\</path>
         <kind>archive</kind>
         <file>rtsv7M4_T_le_v4SPD16_eabi.lib</file>
         <name>copy_decompress_none.obj</name>
      </input_file>
      <input_file id="fl-13e">
         <path>C:\ti\ccsv5\tools\compiler\arm_5.1.1\lib\</path>
         <kind>archive</kind>
         <file>rtsv7M4_T_le_v4SPD16_eabi.lib</file>
         <name>copy_decompress_rle.obj</name>
      </input_file>
      <input_file id="fl-13f">
         <path>C:\ti\ccsv5\tools\compiler\arm_5.1.1\lib\</path>
         <kind>archive</kind>
         <file>rtsv7M4_T_le_v4SPD16_eabi.lib</file>
         <name>copy_zero_init.obj</name>
      </input_file>
      <input_file id="fl-140">
         <path>C:\ti\ccsv5\tools\compiler\arm_5.1.1\lib\</path>
         <kind>archive</kind>
         <file>rtsv7M4_T_le_v4SPD16_eabi.lib</file>
         <name>exit.obj</name>
      </input_file>
      <input_file id="fl-141">
         <path>C:\ti\ccsv5\tools\compiler\arm_5.1.1\lib\</path>
         <kind>archive</kind>
         <file>rtsv7M4_T_le_v4SPD16_eabi.lib</file>
         <name>fd_add_t2.obj</name>
      </input_file>
      <input_file id="fl-142">
         <path>C:\ti\ccsv5\tools\compiler\arm_5.1.1\lib\</path>
         <kind>archive</kind>
         <file>rtsv7M4_T_le_v4SPD16_eabi.lib</file>
         <name>fd_mul_t2.obj</name>
      </input_file>
      <input_file id="fl-143">
         <path>C:\ti\ccsv5\tools\compiler\arm_5.1.1\lib\</path>
         <kind>archive</kind>
         <file>rtsv7M4_T_le_v4SPD16_eabi.lib</file>
         <name>fd_toi_t2.obj</name>
      </input_file>
      <input_file id="fl-144">
         <path>C:\ti\ccsv5\tools\compiler\arm_5.1.1\lib\</path>
         <kind>archive</kind>
         <file>rtsv7M4_T_le_v4SPD16_eabi.lib</file>
         <name>fd_tos_t2.obj</name>
      </input_file>
      <input_file id="fl-145">
         <path>C:\ti\ccsv5\tools\compiler\arm_5.1.1\lib\</path>
         <kind>archive</kind>
         <file>rtsv7M4_T_le_v4SPD16_eabi.lib</file>
         <name>memcpy_t2.obj</name>
      </input_file>
      <input_file id="fl-146">
         <path>C:\ti\ccsv5\tools\compiler\arm_5.1.1\lib\</path>
         <kind>archive</kind>
         <file>rtsv7M4_T_le_v4SPD16_eabi.lib</file>
         <name>stkdepth_vars.obj</name>
      </input_file>
      <input_file id="fl-147">
         <path>C:\ti\ccsv5\tools\compiler\arm_5.1.1\lib\</path>
         <kind>archive</kind>
         <file>rtsv7M4_T_le_v4SPD16_eabi.lib</file>
         <name>strncmp.obj</name>
      </input_file>
      <input_file id="fl-148">
         <path>C:\ti\ccsv5\tools\compiler\arm_5.1.1\lib\</path>
         <kind>archive</kind>
         <file>rtsv7M4_T_le_v4SPD16_eabi.lib</file>
         <name>u_tofd_t2.obj</name>
      </input_file>
      <input_file id="fl-149">
         <path>C:\ti\ccsv5\tools\compiler\arm_5.1.1\lib\</path>
         <kind>archive</kind>
         <file>rtsv7M4_T_le_v4SPD16_eabi.lib</file>
         <name>_lock.obj</name>
      </input_file>
      <input_file id="fl-14a">
         <path>C:\ti\ccsv5\tools\compiler\arm_5.1.1\lib\</path>
         <kind>archive</kind>
         <file>rtsv7M4_T_le_v4SPD16_eabi.lib</file>
         <name>args_main.obj</name>
      </input_file>
      <input_file id="fl-14b">
         <path>C:\ti\ccsv5\tools\compiler\arm_5.1.1\lib\</path>
         <kind>archive</kind>
         <file>rtsv7M4_T_le_v4SPD16_eabi.lib</file>
         <name>auto_init.obj</name>
      </input_file>
      <input_file id="fl-14c">
         <path>C:\ti\ccsv5\tools\compiler\arm_5.1.1\lib\</path>
         <kind>archive</kind>
         <file>rtsv7M4_T_le_v4SPD16_eabi.lib</file>
         <name>cpy_tbl.obj</name>
      </input_file>
      <input_file id="fl-14d">
         <path>C:\ti\TivaWare_C_Series-2.1.0.12573\driverlib\ccs\Debug\</path>
         <kind>archive</kind>
         <file>driverlib.lib</file>
         <name>uart.obj</name>
      </input_file>
      <input_file id="fl-14e">
         <path>C:\ti\TivaWare_C_Series-2.1.0.12573\driverlib\ccs\Debug\</path>
         <kind>archive</kind>
         <file>driverlib.lib</file>
         <name>timer.obj</name>
      </input_file>
      <input_file id="fl-14f">
         <path>C:\ti\TivaWare_C_Series-2.1.0.12573\driverlib\ccs\Debug\</path>
         <kind>archive</kind>
         <file>driverlib.lib</file>
         <name>sysctl.obj</name>
      </input_file>
      <input_file id="fl-150">
         <path>C:\ti\TivaWare_C_Series-2.1.0.12573\driverlib\ccs\Debug\</path>
         <kind>archive</kind>
         <file>driverlib.lib</file>
         <name>interrupt.obj</name>
      </input_file>
      <input_file id="fl-151">
         <path>C:\ti\TivaWare_C_Series-2.1.0.12573\driverlib\ccs\Debug\</path>
         <kind>archive</kind>
         <file>driverlib.lib</file>
         <name>gpio.obj</name>
      </input_file>
      <input_file id="fl-152">
         <path>C:\ti\TivaWare_C_Series-2.1.0.12573\driverlib\ccs\Debug\</path>
         <kind>archive</kind>
         <file>driverlib.lib</file>
         <name>cpu.obj</name>
      </input_file>
      <input_file id="fl-153">
         <path>C:\ti\TivaWare_C_Series-2.1.0.12573\driverlib\ccs\Debug\</path>
         <kind>archive</kind>
         <file>driverlib.lib</file>
         <name>adc.obj</name>
      </input_file>
   </input_file_list>
   <object_component_list>
      <object_component id="oc-e">
         <name>.intvecs</name>
         <load_address>0x0</load_address>
         <run_address>0x0</run_address>
         <size>0x26c</size>
         <input_file_ref idref="fl-3"/>
      </object_component>
      <object_component id="oc-10b">
         <name>.text</name>
         <load_address>0x26c</load_address>
         <run_address>0x26c</run_address>
         <size>0x1108</size>
         <input_file_ref idref="fl-5"/>
      </object_component>
      <object_component id="oc-110">
         <name>.text</name>
         <load_address>0x1374</load_address>
         <run_address>0x1374</run_address>
         <size>0xacc</size>
         <input_file_ref idref="fl-6"/>
      </object_component>
      <object_component id="oc-29">
         <name>.text</name>
         <load_address>0x1e40</load_address>
         <run_address>0x1e40</run_address>
         <size>0x828</size>
         <input_file_ref idref="fl-9"/>
      </object_component>
      <object_component id="oc-7a">
         <name>.text</name>
         <load_address>0x2668</load_address>
         <run_address>0x2668</run_address>
         <size>0x700</size>
         <input_file_ref idref="fl-8"/>
      </object_component>
      <object_component id="oc-1d9">
         <name>.text</name>
         <load_address>0x2d68</load_address>
         <run_address>0x2d68</run_address>
         <size>0x44c</size>
         <input_file_ref idref="fl-d"/>
      </object_component>
      <object_component id="oc-106">
         <name>.text</name>
         <load_address>0x31b4</load_address>
         <run_address>0x31b4</run_address>
         <size>0x448</size>
         <input_file_ref idref="fl-4"/>
      </object_component>
      <object_component id="oc-1b9">
         <name>.text</name>
         <load_address>0x35fc</load_address>
         <run_address>0x35fc</run_address>
         <size>0x3cc</size>
         <input_file_ref idref="fl-2"/>
      </object_component>
      <object_component id="oc-115">
         <name>.text</name>
         <load_address>0x39c8</load_address>
         <run_address>0x39c8</run_address>
         <size>0x368</size>
         <input_file_ref idref="fl-a"/>
      </object_component>
      <object_component id="oc-11f">
         <name>.text</name>
         <load_address>0x3d30</load_address>
         <run_address>0x3d30</run_address>
         <size>0x26c</size>
         <input_file_ref idref="fl-b"/>
      </object_component>
      <object_component id="oc-1b4">
         <name>.text</name>
         <load_address>0x3f9c</load_address>
         <run_address>0x3f9c</run_address>
         <size>0x1c6</size>
         <input_file_ref idref="fl-e"/>
      </object_component>
      <object_component id="oc-1ff">
         <name>.text</name>
         <load_address>0x4162</load_address>
         <run_address>0x4162</run_address>
         <size>0x1b6</size>
         <input_file_ref idref="fl-141"/>
      </object_component>
      <object_component id="oc-11a">
         <name>.text</name>
         <load_address>0x4318</load_address>
         <run_address>0x4318</run_address>
         <size>0x19c</size>
         <input_file_ref idref="fl-7"/>
      </object_component>
      <object_component id="oc-a0">
         <name>.text</name>
         <load_address>0x44b4</load_address>
         <run_address>0x44b4</run_address>
         <size>0x178</size>
         <input_file_ref idref="fl-c"/>
      </object_component>
      <object_component id="oc-d6">
         <name>.text:GPIOPadConfigSet</name>
         <load_address>0x462c</load_address>
         <run_address>0x462c</run_address>
         <size>0x130</size>
         <input_file_ref idref="fl-151"/>
      </object_component>
      <object_component id="oc-176">
         <name>.text:SysCtlClockGet</name>
         <load_address>0x475c</load_address>
         <run_address>0x475c</run_address>
         <size>0x118</size>
         <input_file_ref idref="fl-14f"/>
      </object_component>
      <object_component id="oc-1fb">
         <name>.text</name>
         <load_address>0x4874</load_address>
         <run_address>0x4874</run_address>
         <size>0xfc</size>
         <input_file_ref idref="fl-142"/>
      </object_component>
      <object_component id="oc-101">
         <name>.text:SysCtlClockSet</name>
         <load_address>0x4970</load_address>
         <run_address>0x4970</run_address>
         <size>0xf0</size>
         <input_file_ref idref="fl-14f"/>
      </object_component>
      <object_component id="oc-42">
         <name>.text</name>
         <load_address>0x4a60</load_address>
         <run_address>0x4a60</run_address>
         <size>0x9c</size>
         <input_file_ref idref="fl-145"/>
      </object_component>
      <object_component id="oc-31">
         <name>.text</name>
         <load_address>0x4afc</load_address>
         <run_address>0x4afc</run_address>
         <size>0x94</size>
         <input_file_ref idref="fl-14b"/>
      </object_component>
      <object_component id="oc-224">
         <name>.text:ADCSequenceStepConfigure</name>
         <load_address>0x4b90</load_address>
         <run_address>0x4b90</run_address>
         <size>0x80</size>
         <input_file_ref idref="fl-153"/>
      </object_component>
      <object_component id="oc-e3">
         <name>.text:IntDisable</name>
         <load_address>0x4c10</load_address>
         <run_address>0x4c10</run_address>
         <size>0x60</size>
         <input_file_ref idref="fl-150"/>
      </object_component>
      <object_component id="oc-7f">
         <name>.text:IntEnable</name>
         <load_address>0x4c70</load_address>
         <run_address>0x4c70</run_address>
         <size>0x60</size>
         <input_file_ref idref="fl-150"/>
      </object_component>
      <object_component id="oc-54">
         <name>.text</name>
         <load_address>0x4cd0</load_address>
         <run_address>0x4cd0</run_address>
         <size>0x5e</size>
         <input_file_ref idref="fl-13e"/>
      </object_component>
      <object_component id="oc-150">
         <name>.text:_IntDefaultHandler</name>
         <load_address>0x4d2e</load_address>
         <run_address>0x4d2e</run_address>
         <size>0x2</size>
         <input_file_ref idref="fl-150"/>
      </object_component>
      <object_component id="oc-180">
         <name>.text:TimerConfigure</name>
         <load_address>0x4d30</load_address>
         <run_address>0x4d30</run_address>
         <size>0x5c</size>
         <input_file_ref idref="fl-14e"/>
      </object_component>
      <object_component id="oc-256">
         <name>.text:GPIOIntTypeSet</name>
         <load_address>0x4d8c</load_address>
         <run_address>0x4d8c</run_address>
         <size>0x56</size>
         <input_file_ref idref="fl-151"/>
      </object_component>
      <object_component id="oc-280">
         <name>.text:_TimerIntNumberGet</name>
         <load_address>0x4de4</load_address>
         <run_address>0x4de4</run_address>
         <size>0x4c</size>
         <input_file_ref idref="fl-14e"/>
      </object_component>
      <object_component id="oc-2f9">
         <name>.text</name>
         <load_address>0x4e30</load_address>
         <run_address>0x4e30</run_address>
         <size>0x4a</size>
         <input_file_ref idref="fl-144"/>
      </object_component>
      <object_component id="oc-66">
         <name>.text:GPIOPinConfigure</name>
         <load_address>0x4e7c</load_address>
         <run_address>0x4e7c</run_address>
         <size>0x48</size>
         <input_file_ref idref="fl-151"/>
      </object_component>
      <object_component id="oc-10">
         <name>.text</name>
         <load_address>0x4ec4</load_address>
         <run_address>0x4ec4</run_address>
         <size>0x48</size>
         <input_file_ref idref="fl-13c"/>
      </object_component>
      <object_component id="oc-203">
         <name>.text</name>
         <load_address>0x4f0c</load_address>
         <run_address>0x4f0c</run_address>
         <size>0x48</size>
         <input_file_ref idref="fl-143"/>
      </object_component>
      <object_component id="oc-30f">
         <name>.text:_ADCIntNumberGet</name>
         <load_address>0x4f54</load_address>
         <run_address>0x4f54</run_address>
         <size>0x44</size>
         <input_file_ref idref="fl-153"/>
      </object_component>
      <object_component id="oc-9a">
         <name>.text</name>
         <load_address>0x4f98</load_address>
         <run_address>0x4f98</run_address>
         <size>0x44</size>
         <input_file_ref idref="fl-14c"/>
      </object_component>
      <object_component id="oc-3a">
         <name>.text</name>
         <load_address>0x4fdc</load_address>
         <run_address>0x4fdc</run_address>
         <size>0x44</size>
         <input_file_ref idref="fl-140"/>
      </object_component>
      <object_component id="oc-2a1">
         <name>.text:UARTConfigSetExpClk</name>
         <load_address>0x5020</load_address>
         <run_address>0x5020</run_address>
         <size>0x40</size>
         <input_file_ref idref="fl-14d"/>
      </object_component>
      <object_component id="oc-31a">
         <name>.text:_GPIOIntNumberGet</name>
         <load_address>0x5060</load_address>
         <run_address>0x5060</run_address>
         <size>0x40</size>
         <input_file_ref idref="fl-151"/>
      </object_component>
      <object_component id="oc-340">
         <name>.text:_UARTIntNumberGet</name>
         <load_address>0x50a0</load_address>
         <run_address>0x50a0</run_address>
         <size>0x40</size>
         <input_file_ref idref="fl-14d"/>
      </object_component>
      <object_component id="oc-21f">
         <name>.text:ADCSequenceConfigure</name>
         <load_address>0x50e0</load_address>
         <run_address>0x50e0</run_address>
         <size>0x3e</size>
         <input_file_ref idref="fl-153"/>
      </object_component>
      <object_component id="oc-de">
         <name>.text:IntRegister</name>
         <load_address>0x5120</load_address>
         <run_address>0x5120</run_address>
         <size>0x34</size>
         <input_file_ref idref="fl-150"/>
      </object_component>
      <object_component id="oc-61">
         <name>.text:SysCtlPeripheralEnable</name>
         <load_address>0x5154</load_address>
         <run_address>0x5154</run_address>
         <size>0x34</size>
         <input_file_ref idref="fl-14f"/>
      </object_component>
      <object_component id="oc-d1">
         <name>.text:GPIODirModeSet</name>
         <load_address>0x5188</load_address>
         <run_address>0x5188</run_address>
         <size>0x2a</size>
         <input_file_ref idref="fl-151"/>
      </object_component>
      <object_component id="oc-1d2">
         <name>.text</name>
         <load_address>0x51b2</load_address>
         <run_address>0x51b2</run_address>
         <size>0x26</size>
         <input_file_ref idref="fl-147"/>
      </object_component>
      <object_component id="oc-1f7">
         <name>.text</name>
         <load_address>0x51d8</load_address>
         <run_address>0x51d8</run_address>
         <size>0x20</size>
         <input_file_ref idref="fl-148"/>
      </object_component>
      <object_component id="oc-238">
         <name>.text:ADCComparatorReset</name>
         <load_address>0x51f8</load_address>
         <run_address>0x51f8</run_address>
         <size>0x1e</size>
         <input_file_ref idref="fl-153"/>
      </object_component>
      <object_component id="oc-332">
         <name>.text:UARTDisable</name>
         <load_address>0x5218</load_address>
         <run_address>0x5218</run_address>
         <size>0x1c</size>
         <input_file_ref idref="fl-14d"/>
      </object_component>
      <object_component id="oc-242">
         <name>.text:ADCIntRegister</name>
         <load_address>0x5234</load_address>
         <run_address>0x5234</run_address>
         <size>0x18</size>
         <input_file_ref idref="fl-153"/>
      </object_component>
      <object_component id="oc-25b">
         <name>.text:GPIOIntRegister</name>
         <load_address>0x524c</load_address>
         <run_address>0x524c</run_address>
         <size>0x18</size>
         <input_file_ref idref="fl-151"/>
      </object_component>
      <object_component id="oc-70">
         <name>.text:GPIOPinTypeGPIOOutput</name>
         <load_address>0x5264</load_address>
         <run_address>0x5264</run_address>
         <size>0x18</size>
         <input_file_ref idref="fl-151"/>
      </object_component>
      <object_component id="oc-185">
         <name>.text:TimerIntRegister</name>
         <load_address>0x527c</load_address>
         <run_address>0x527c</run_address>
         <size>0x18</size>
         <input_file_ref idref="fl-14e"/>
      </object_component>
      <object_component id="oc-2b0">
         <name>.text:UARTIntRegister</name>
         <load_address>0x5294</load_address>
         <run_address>0x5294</run_address>
         <size>0x18</size>
         <input_file_ref idref="fl-14d"/>
      </object_component>
      <object_component id="oc-35">
         <name>.text</name>
         <load_address>0x52ac</load_address>
         <run_address>0x52ac</run_address>
         <size>0x18</size>
         <input_file_ref idref="fl-14a"/>
      </object_component>
      <object_component id="oc-e8">
         <name>.text:IntUnregister</name>
         <load_address>0x52c4</load_address>
         <run_address>0x52c4</run_address>
         <size>0x14</size>
         <input_file_ref idref="fl-150"/>
      </object_component>
      <object_component id="oc-75">
         <name>.text:SysCtlPWMClockSet</name>
         <load_address>0x52d8</load_address>
         <run_address>0x52d8</run_address>
         <size>0x14</size>
         <input_file_ref idref="fl-14f"/>
      </object_component>
      <object_component id="oc-337">
         <name>.text:UARTEnable</name>
         <load_address>0x52ec</load_address>
         <run_address>0x52ec</run_address>
         <size>0x14</size>
         <input_file_ref idref="fl-14d"/>
      </object_component>
      <object_component id="oc-12e">
         <name>.text</name>
         <load_address>0x5300</load_address>
         <run_address>0x5300</run_address>
         <size>0x14</size>
         <input_file_ref idref="fl-149"/>
      </object_component>
      <object_component id="oc-21a">
         <name>.text:GPIOPinTypeADC</name>
         <load_address>0x5314</load_address>
         <run_address>0x5314</run_address>
         <size>0x12</size>
         <input_file_ref idref="fl-151"/>
      </object_component>
      <object_component id="oc-207">
         <name>.text:GPIOPinTypeGPIOInput</name>
         <load_address>0x5326</load_address>
         <run_address>0x5326</run_address>
         <size>0x12</size>
         <input_file_ref idref="fl-151"/>
      </object_component>
      <object_component id="oc-6b">
         <name>.text:GPIOPinTypePWM</name>
         <load_address>0x5338</load_address>
         <run_address>0x5338</run_address>
         <size>0x12</size>
         <input_file_ref idref="fl-151"/>
      </object_component>
      <object_component id="oc-2d8">
         <name>.text:GPIOPinTypeUART</name>
         <load_address>0x534a</load_address>
         <run_address>0x534a</run_address>
         <size>0x12</size>
         <input_file_ref idref="fl-151"/>
      </object_component>
      <object_component id="oc-17b">
         <name>.text:TimerLoadSet</name>
         <load_address>0x535c</load_address>
         <run_address>0x535c</run_address>
         <size>0x12</size>
         <input_file_ref idref="fl-14e"/>
      </object_component>
      <object_component id="oc-19">
         <name>.text:decompress:ZI</name>
         <load_address>0x536e</load_address>
         <run_address>0x536e</run_address>
         <size>0x12</size>
         <input_file_ref idref="fl-13f"/>
      </object_component>
      <object_component id="oc-23d">
         <name>.text:ADCComparatorIntEnable</name>
         <load_address>0x5380</load_address>
         <run_address>0x5380</run_address>
         <size>0x10</size>
         <input_file_ref idref="fl-153"/>
      </object_component>
      <object_component id="oc-247">
         <name>.text:ADCIntEnable</name>
         <load_address>0x5390</load_address>
         <run_address>0x5390</run_address>
         <size>0x10</size>
         <input_file_ref idref="fl-153"/>
      </object_component>
      <object_component id="oc-233">
         <name>.text:ADCComparatorRegionSet</name>
         <load_address>0x53a0</load_address>
         <run_address>0x53a0</run_address>
         <size>0xe</size>
         <input_file_ref idref="fl-153"/>
      </object_component>
      <object_component id="oc-229">
         <name>.text:ADCSequenceEnable</name>
         <load_address>0x53ae</load_address>
         <run_address>0x53ae</run_address>
         <size>0xe</size>
         <input_file_ref idref="fl-153"/>
      </object_component>
      <object_component id="oc-26a">
         <name>.text:GPIOIntStatus</name>
         <load_address>0x53bc</load_address>
         <run_address>0x53bc</run_address>
         <size>0xe</size>
         <input_file_ref idref="fl-151"/>
      </object_component>
      <object_component id="oc-18a">
         <name>.text:TimerEnable</name>
         <load_address>0x53ca</load_address>
         <run_address>0x53ca</run_address>
         <size>0xe</size>
         <input_file_ref idref="fl-14e"/>
      </object_component>
      <object_component id="oc-2c4">
         <name>.text:UARTCharGetNonBlocking</name>
         <load_address>0x53d8</load_address>
         <run_address>0x53d8</run_address>
         <size>0xe</size>
         <input_file_ref idref="fl-14d"/>
      </object_component>
      <object_component id="oc-2bf">
         <name>.text:UARTCharPutNonBlocking</name>
         <load_address>0x53e6</load_address>
         <run_address>0x53e6</run_address>
         <size>0xe</size>
         <input_file_ref idref="fl-14d"/>
      </object_component>
      <object_component id="oc-14">
         <name>.text:decompress:none</name>
         <load_address>0x53f4</load_address>
         <run_address>0x53f4</run_address>
         <size>0xe</size>
         <input_file_ref idref="fl-13d"/>
      </object_component>
      <object_component id="oc-28a">
         <name>.text:CPUcpsid</name>
         <load_address>0x5402</load_address>
         <run_address>0x5402</run_address>
         <size>0xc</size>
         <input_file_ref idref="fl-152"/>
      </object_component>
      <object_component id="oc-290">
         <name>.text:CPUcpsie</name>
         <load_address>0x540e</load_address>
         <run_address>0x540e</run_address>
         <size>0xc</size>
         <input_file_ref idref="fl-152"/>
      </object_component>
      <object_component id="oc-260">
         <name>.text:GPIOIntEnable</name>
         <load_address>0x541a</load_address>
         <run_address>0x541a</run_address>
         <size>0xc</size>
         <input_file_ref idref="fl-151"/>
      </object_component>
      <object_component id="oc-2c9">
         <name>.text:UARTCharsAvail</name>
         <load_address>0x5426</load_address>
         <run_address>0x5426</run_address>
         <size>0xc</size>
         <input_file_ref idref="fl-14d"/>
      </object_component>
      <object_component id="oc-2ba">
         <name>.text:UARTSpaceAvail</name>
         <load_address>0x5432</load_address>
         <run_address>0x5432</run_address>
         <size>0xc</size>
         <input_file_ref idref="fl-14d"/>
      </object_component>
      <object_component id="oc-24">
         <name>.text</name>
         <load_address>0x543e</load_address>
         <run_address>0x543e</run_address>
         <size>0xc</size>
         <input_file_ref idref="fl-3"/>
      </object_component>
      <object_component id="oc-22e">
         <name>.text:ADCComparatorConfigure</name>
         <load_address>0x544a</load_address>
         <run_address>0x544a</run_address>
         <size>0xa</size>
         <input_file_ref idref="fl-153"/>
      </object_component>
      <object_component id="oc-1a5">
         <name>.text:IntMasterDisable</name>
         <load_address>0x5454</load_address>
         <run_address>0x5454</run_address>
         <size>0xa</size>
         <input_file_ref idref="fl-150"/>
      </object_component>
      <object_component id="oc-1aa">
         <name>.text:IntMasterEnable</name>
         <load_address>0x545e</load_address>
         <run_address>0x545e</run_address>
         <size>0xa</size>
         <input_file_ref idref="fl-150"/>
      </object_component>
      <object_component id="oc-2a6">
         <name>.text:UARTFIFODisable</name>
         <load_address>0x5468</load_address>
         <run_address>0x5468</run_address>
         <size>0xa</size>
         <input_file_ref idref="fl-14d"/>
      </object_component>
      <object_component id="oc-2d3">
         <name>.text:UARTIntDisable</name>
         <load_address>0x5472</load_address>
         <run_address>0x5472</run_address>
         <size>0xa</size>
         <input_file_ref idref="fl-14d"/>
      </object_component>
      <object_component id="oc-2ce">
         <name>.text:UARTIntStatus</name>
         <load_address>0x547c</load_address>
         <run_address>0x547c</run_address>
         <size>0xa</size>
         <input_file_ref idref="fl-14d"/>
      </object_component>
      <object_component id="oc-18f">
         <name>.text:TimerIntEnable</name>
         <load_address>0x5486</load_address>
         <run_address>0x5486</run_address>
         <size>0x8</size>
         <input_file_ref idref="fl-14e"/>
      </object_component>
      <object_component id="oc-2b5">
         <name>.text:UARTIntEnable</name>
         <load_address>0x548e</load_address>
         <run_address>0x548e</run_address>
         <size>0x8</size>
         <input_file_ref idref="fl-14d"/>
      </object_component>
      <object_component id="oc-265">
         <name>.text:GPIOIntClear</name>
         <load_address>0x5496</load_address>
         <run_address>0x5496</run_address>
         <size>0x6</size>
         <input_file_ref idref="fl-151"/>
      </object_component>
      <object_component id="oc-8d">
         <name>.text:GPIOPinRead</name>
         <load_address>0x549c</load_address>
         <run_address>0x549c</run_address>
         <size>0x6</size>
         <input_file_ref idref="fl-151"/>
      </object_component>
      <object_component id="oc-88">
         <name>.text:GPIOPinWrite</name>
         <load_address>0x54a2</load_address>
         <run_address>0x54a2</run_address>
         <size>0x6</size>
         <input_file_ref idref="fl-151"/>
      </object_component>
      <object_component id="oc-16f">
         <name>.text:SysCtlDelay</name>
         <load_address>0x54a8</load_address>
         <run_address>0x54a8</run_address>
         <size>0x6</size>
         <input_file_ref idref="fl-14f"/>
      </object_component>
      <object_component id="oc-2ab">
         <name>.text:UARTRxErrorClear</name>
         <load_address>0x54ae</load_address>
         <run_address>0x54ae</run_address>
         <size>0x6</size>
         <input_file_ref idref="fl-14d"/>
      </object_component>
      <object_component id="oc-1e">
         <name>.text:decompress:rle24</name>
         <load_address>0x54b4</load_address>
         <run_address>0x54b4</run_address>
         <size>0x6</size>
         <input_file_ref idref="fl-13e"/>
      </object_component>
      <object_component id="oc-24c">
         <name>.text:ADCComparatorIntClear</name>
         <load_address>0x54ba</load_address>
         <run_address>0x54ba</run_address>
         <size>0x4</size>
         <input_file_ref idref="fl-153"/>
      </object_component>
      <object_component id="oc-171">
         <name>.text:TimerIntClear</name>
         <load_address>0x54be</load_address>
         <run_address>0x54be</run_address>
         <size>0x4</size>
         <input_file_ref idref="fl-14e"/>
      </object_component>
      <object_component id="oc-35c">
         <name>.const:g_ppui32GPIOIntMapBlizzard</name>
         <load_address>0x54c4</load_address>
         <run_address>0x54c4</run_address>
         <size>0xc0</size>
         <input_file_ref idref="fl-151"/>
      </object_component>
      <object_component id="oc-35e">
         <name>.const:g_ppui32GPIOIntMapSnowflake</name>
         <load_address>0x5584</load_address>
         <run_address>0x5584</run_address>
         <size>0xc0</size>
         <input_file_ref idref="fl-151"/>
      </object_component>
      <object_component id="oc-cd">
         <name>.const:g_pui32GPIOBaseAddrs</name>
         <load_address>0x5644</load_address>
         <run_address>0x5644</run_address>
         <size>0x90</size>
         <input_file_ref idref="fl-151"/>
      </object_component>
      <object_component id="oc-f4">
         <name>.const</name>
         <load_address>0x56d4</load_address>
         <run_address>0x56d4</run_address>
         <size>0x70</size>
         <input_file_ref idref="fl-150"/>
      </object_component>
      <object_component id="oc-27b">
         <name>.const:g_pui32Xtals</name>
         <load_address>0x5744</load_address>
         <run_address>0x5744</run_address>
         <size>0x6c</size>
         <input_file_ref idref="fl-14f"/>
      </object_component>
      <object_component id="oc-329">
         <name>.const:g_ppui32TimerIntMap</name>
         <load_address>0x57b0</load_address>
         <run_address>0x57b0</run_address>
         <size>0x60</size>
         <input_file_ref idref="fl-14e"/>
      </object_component>
      <object_component id="oc-2e5">
         <name>.const:.string</name>
         <load_address>0x5810</load_address>
         <run_address>0x5810</run_address>
         <size>0x56</size>
         <input_file_ref idref="fl-6"/>
      </object_component>
      <object_component id="oc-32b">
         <name>.const:g_ppui32TimerIntMapSnowflake</name>
         <load_address>0x5868</load_address>
         <run_address>0x5868</run_address>
         <size>0x40</size>
         <input_file_ref idref="fl-14e"/>
      </object_component>
      <object_component id="oc-369">
         <name>.const:g_ppui32UARTIntMap</name>
         <load_address>0x58a8</load_address>
         <run_address>0x58a8</run_address>
         <size>0x40</size>
         <input_file_ref idref="fl-14d"/>
      </object_component>
      <object_component id="oc-36b">
         <name>.const:g_ppui32UARTIntMapSnowflake</name>
         <load_address>0x58e8</load_address>
         <run_address>0x58e8</run_address>
         <size>0x40</size>
         <input_file_ref idref="fl-14d"/>
      </object_component>
      <object_component id="oc-393">
         <name>.cinit..data.load</name>
         <load_address>0x5928</load_address>
         <run_address>0x5928</run_address>
         <size>0x8d</size>
      </object_component>
      <object_component id="oc-390">
         <name>__TI_handler_table</name>
         <load_address>0x59b8</load_address>
         <run_address>0x59b8</run_address>
         <size>0xc</size>
      </object_component>
      <object_component id="oc-394">
         <name>.cinit..bss.load</name>
         <load_address>0x59c8</load_address>
         <run_address>0x59c8</run_address>
         <size>0x8</size>
      </object_component>
      <object_component id="oc-392">
         <name>.cinit..vtable.load</name>
         <load_address>0x59d0</load_address>
         <run_address>0x59d0</run_address>
         <size>0x8</size>
      </object_component>
      <object_component id="oc-391">
         <name>__TI_cinit_table</name>
         <load_address>0x59d8</load_address>
         <run_address>0x59d8</run_address>
         <size>0x18</size>
      </object_component>
      <object_component id="oc-14c">
         <name>.vtable</name>
         <uninitialized>true</uninitialized>
         <run_address>0x20000000</run_address>
         <size>0x26c</size>
         <input_file_ref idref="fl-150"/>
      </object_component>
      <object_component id="oc-3f">
         <name>.data</name>
         <load_address>0x20000fb4</load_address>
         <run_address>0x20000fb4</run_address>
         <size>0x4</size>
         <input_file_ref idref="fl-146"/>
      </object_component>
      <object_component id="oc-86">
         <name>.data:motor_config</name>
         <load_address>0x20000f1c</load_address>
         <run_address>0x20000f1c</run_address>
         <size>0x54</size>
         <input_file_ref idref="fl-9"/>
      </object_component>
      <object_component id="oc-ac">
         <name>.data</name>
         <load_address>0x20000f9c</load_address>
         <run_address>0x20000f9c</run_address>
         <size>0x8</size>
         <input_file_ref idref="fl-149"/>
      </object_component>
      <object_component id="oc-ae">
         <name>.data</name>
         <load_address>0x20000fa4</load_address>
         <run_address>0x20000fa4</run_address>
         <size>0x8</size>
         <input_file_ref idref="fl-140"/>
      </object_component>
      <object_component id="oc-1b1">
         <name>.data</name>
         <load_address>0x20000fac</load_address>
         <run_address>0x20000fac</run_address>
         <size>0x8</size>
         <input_file_ref idref="fl-5"/>
      </object_component>
      <object_component id="oc-1be">
         <name>.data</name>
         <load_address>0x20000fb8</load_address>
         <run_address>0x20000fb8</run_address>
         <size>0x2</size>
         <input_file_ref idref="fl-6"/>
      </object_component>
      <object_component id="oc-1c0">
         <name>.data:priority_level_name</name>
         <load_address>0x20000f70</load_address>
         <run_address>0x20000f70</run_address>
         <size>0x2c</size>
         <input_file_ref idref="fl-6"/>
      </object_component>
      <object_component id="oc-84">
         <name>.bss:motors</name>
         <uninitialized>true</uninitialized>
         <run_address>0x20000df0</run_address>
         <size>0x24</size>
         <input_file_ref idref="fl-9"/>
      </object_component>
      <object_component id="oc-1af">
         <name>.bss:tasks</name>
         <uninitialized>true</uninitialized>
         <run_address>0x20000a6c</run_address>
         <size>0x1f4</size>
         <input_file_ref idref="fl-5"/>
      </object_component>
      <object_component id="oc-1c2">
         <name>.bss:subsystem</name>
         <uninitialized>true</uninitialized>
         <run_address>0x20000d60</run_address>
         <size>0x50</size>
         <input_file_ref idref="fl-6"/>
      </object_component>
      <object_component id="oc-1c4">
         <name>.bss:tx_buffer_array0</name>
         <uninitialized>true</uninitialized>
         <run_address>0x20000c60</run_address>
         <size>0x80</size>
         <input_file_ref idref="fl-6"/>
      </object_component>
      <object_component id="oc-1cb">
         <name>.bss:tx_buffer_array1</name>
         <uninitialized>true</uninitialized>
         <run_address>0x20000ce0</run_address>
         <size>0x80</size>
         <input_file_ref idref="fl-6"/>
      </object_component>
      <object_component id="oc-1d7">
         <name>.bss:receive_buffer</name>
         <uninitialized>true</uninitialized>
         <run_address>0x20000db0</run_address>
         <size>0x40</size>
         <input_file_ref idref="fl-6"/>
      </object_component>
      <object_component id="oc-2e1">
         <name>.common:uart</name>
         <uninitialized>true</uninitialized>
         <run_address>0x20000edc</run_address>
         <size>0x10</size>
      </object_component>
      <object_component id="oc-19d">
         <name>.common:ms_time</name>
         <uninitialized>true</uninitialized>
         <run_address>0x20000f0c</run_address>
         <size>0x4</size>
      </object_component>
      <object_component id="oc-198">
         <name>.common:rollover_time</name>
         <uninitialized>true</uninitialized>
         <run_address>0x20000f10</run_address>
         <size>0x4</size>
      </object_component>
      <object_component id="oc-19e">
         <name>.common:total_time</name>
         <uninitialized>true</uninitialized>
         <run_address>0x20000eec</run_address>
         <size>0x8</size>
      </object_component>
      <object_component id="oc-1d1">
         <name>.common:length$2</name>
         <uninitialized>true</uninitialized>
         <run_address>0x20000f08</run_address>
         <size>0x4</size>
      </object_component>
      <object_component id="oc-1de">
         <name>.common:global_log_level</name>
         <uninitialized>true</uninitialized>
         <run_address>0x20000f17</run_address>
         <size>0x1</size>
      </object_component>
      <object_component id="oc-1c9">
         <name>.common:rx0</name>
         <uninitialized>true</uninitialized>
         <run_address>0x20000e54</run_address>
         <size>0x18</size>
      </object_component>
      <object_component id="oc-1df">
         <name>.common:tx0</name>
         <uninitialized>true</uninitialized>
         <run_address>0x20000e84</run_address>
         <size>0x18</size>
      </object_component>
      <object_component id="oc-1c8">
         <name>.common:rx_buffer_array0</name>
         <uninitialized>true</uninitialized>
         <run_address>0x20000e14</run_address>
         <size>0x20</size>
      </object_component>
      <object_component id="oc-1e0">
         <name>.common:receivers0</name>
         <uninitialized>true</uninitialized>
         <run_address>0x20000eb4</run_address>
         <size>0x14</size>
      </object_component>
      <object_component id="oc-1cf">
         <name>.common:rx1</name>
         <uninitialized>true</uninitialized>
         <run_address>0x20000e6c</run_address>
         <size>0x18</size>
      </object_component>
      <object_component id="oc-20f">
         <name>.common:tx1</name>
         <uninitialized>true</uninitialized>
         <run_address>0x20000e9c</run_address>
         <size>0x18</size>
      </object_component>
      <object_component id="oc-1ce">
         <name>.common:rx_buffer_array1</name>
         <uninitialized>true</uninitialized>
         <run_address>0x20000e34</run_address>
         <size>0x20</size>
      </object_component>
      <object_component id="oc-1e1">
         <name>.common:receivers1</name>
         <uninitialized>true</uninitialized>
         <run_address>0x20000ec8</run_address>
         <size>0x14</size>
      </object_component>
      <object_component id="oc-251">
         <name>.common:SENSOR_VERSION</name>
         <uninitialized>true</uninitialized>
         <run_address>0x20000ef8</run_address>
         <size>0x4</size>
      </object_component>
      <object_component id="oc-253">
         <name>.common:lastSensor1Trigger</name>
         <uninitialized>true</uninitialized>
         <run_address>0x20000f00</run_address>
         <size>0x4</size>
      </object_component>
      <object_component id="oc-254">
         <name>.common:lastSensor2Trigger</name>
         <uninitialized>true</uninitialized>
         <run_address>0x20000f04</run_address>
         <size>0x4</size>
      </object_component>
      <object_component id="oc-213">
         <name>.common:noteEvent$1</name>
         <uninitialized>true</uninitialized>
         <run_address>0x20000f14</run_address>
         <size>0x2</size>
      </object_component>
      <object_component id="oc-210">
         <name>.common:messageType$2</name>
         <uninitialized>true</uninitialized>
         <run_address>0x20000f18</run_address>
         <size>0x1</size>
      </object_component>
      <object_component id="oc-211">
         <name>.common:midi_msg_states</name>
         <uninitialized>true</uninitialized>
         <run_address>0x20000f19</run_address>
         <size>0x1</size>
      </object_component>
      <object_component id="oc-20c">
         <name>.common:MIDI_VERSION</name>
         <uninitialized>true</uninitialized>
         <run_address>0x20000ef4</run_address>
         <size>0x4</size>
      </object_component>
      <object_component id="oc-20e">
         <name>.common:channel</name>
         <uninitialized>true</uninitialized>
         <run_address>0x20000f16</run_address>
         <size>0x1</size>
      </object_component>
      <object_component id="oc-124">
         <name>.common:TESLA_VERSION</name>
         <uninitialized>true</uninitialized>
         <run_address>0x20000efc</run_address>
         <size>0x4</size>
      </object_component>
      <object_component id="oc-23">
         <name>.stack</name>
         <uninitialized>true</uninitialized>
         <run_address>0x2000026c</run_address>
         <size>0x0</size>
         <input_file_ref idref="fl-13c"/>
      </object_component>
      <object_component id="oc-395">
         <name>.stack</name>
         <uninitialized>true</uninitialized>
         <run_address>0x2000026c</run_address>
         <size>0x0</size>
      </object_component>
      <object_component id="oc-f">
         <name>.debug_info</name>
         <load_address>0x0</load_address>
         <run_address>0x0</run_address>
         <size>0xd8</size>
         <input_file_ref idref="fl-3"/>
      </object_component>
      <object_component id="oc-11">
         <name>.debug_info</name>
         <load_address>0xd8</load_address>
         <run_address>0xd8</run_address>
         <size>0xf3</size>
         <input_file_ref idref="fl-13c"/>
      </object_component>
      <object_component id="oc-15">
         <name>.debug_info</name>
         <load_address>0x1cb</load_address>
         <run_address>0x1cb</run_address>
         <size>0x194</size>
         <input_file_ref idref="fl-13d"/>
      </object_component>
      <object_component id="oc-1b">
         <name>.debug_info</name>
         <load_address>0x35f</load_address>
         <run_address>0x35f</run_address>
         <size>0x16a</size>
         <input_file_ref idref="fl-13f"/>
      </object_component>
      <object_component id="oc-1f">
         <name>.debug_info</name>
         <load_address>0x4c9</load_address>
         <run_address>0x4c9</run_address>
         <size>0x18e</size>
         <input_file_ref idref="fl-13e"/>
      </object_component>
      <object_component id="oc-26">
         <name>.debug_info</name>
         <load_address>0x657</load_address>
         <run_address>0x657</run_address>
         <size>0x254</size>
         <input_file_ref idref="fl-3"/>
      </object_component>
      <object_component id="oc-2a">
         <name>.debug_info</name>
         <load_address>0x8ab</load_address>
         <run_address>0x8ab</run_address>
         <size>0x752</size>
         <input_file_ref idref="fl-9"/>
      </object_component>
      <object_component id="oc-30">
         <name>.debug_info</name>
         <load_address>0xffd</load_address>
         <run_address>0xffd</run_address>
         <size>0x141</size>
         <input_file_ref idref="fl-3"/>
      </object_component>
      <object_component id="oc-34">
         <name>.debug_info</name>
         <load_address>0x113e</load_address>
         <run_address>0x113e</run_address>
         <size>0x13d</size>
         <input_file_ref idref="fl-14b"/>
      </object_component>
      <object_component id="oc-38">
         <name>.debug_info</name>
         <load_address>0x127b</load_address>
         <run_address>0x127b</run_address>
         <size>0x11c</size>
         <input_file_ref idref="fl-14a"/>
      </object_component>
      <object_component id="oc-3b">
         <name>.debug_info</name>
         <load_address>0x1397</load_address>
         <run_address>0x1397</run_address>
         <size>0x1c2</size>
         <input_file_ref idref="fl-140"/>
      </object_component>
      <object_component id="oc-40">
         <name>.debug_info</name>
         <load_address>0x1559</load_address>
         <run_address>0x1559</run_address>
         <size>0xbe</size>
         <input_file_ref idref="fl-146"/>
      </object_component>
      <object_component id="oc-45">
         <name>.debug_info</name>
         <load_address>0x1617</load_address>
         <run_address>0x1617</run_address>
         <size>0xcc</size>
         <input_file_ref idref="fl-145"/>
      </object_component>
      <object_component id="oc-47">
         <name>.debug_info</name>
         <load_address>0x16e3</load_address>
         <run_address>0x16e3</run_address>
         <size>0x46</size>
         <input_file_ref idref="fl-13d"/>
      </object_component>
      <object_component id="oc-4c">
         <name>.debug_info</name>
         <load_address>0x1729</load_address>
         <run_address>0x1729</run_address>
         <size>0xf2</size>
         <input_file_ref idref="fl-13d"/>
      </object_component>
      <object_component id="oc-4e">
         <name>.debug_info</name>
         <load_address>0x181b</load_address>
         <run_address>0x181b</run_address>
         <size>0x46</size>
         <input_file_ref idref="fl-13f"/>
      </object_component>
      <object_component id="oc-53">
         <name>.debug_info</name>
         <load_address>0x1861</load_address>
         <run_address>0x1861</run_address>
         <size>0xad</size>
         <input_file_ref idref="fl-13f"/>
      </object_component>
      <object_component id="oc-55">
         <name>.debug_info</name>
         <load_address>0x190e</load_address>
         <run_address>0x190e</run_address>
         <size>0x1ef</size>
         <input_file_ref idref="fl-13e"/>
      </object_component>
      <object_component id="oc-5a">
         <name>.debug_info</name>
         <load_address>0x1afd</load_address>
         <run_address>0x1afd</run_address>
         <size>0xb7</size>
         <input_file_ref idref="fl-13e"/>
      </object_component>
      <object_component id="oc-5b">
         <name>.debug_info</name>
         <load_address>0x1bb4</load_address>
         <run_address>0x1bb4</run_address>
         <size>0x39</size>
         <input_file_ref idref="fl-13e"/>
      </object_component>
      <object_component id="oc-63">
         <name>.debug_info</name>
         <load_address>0x1bed</load_address>
         <run_address>0x1bed</run_address>
         <size>0x1e1</size>
         <input_file_ref idref="fl-14f"/>
      </object_component>
      <object_component id="oc-67">
         <name>.debug_info</name>
         <load_address>0x1dce</load_address>
         <run_address>0x1dce</run_address>
         <size>0x1e4</size>
         <input_file_ref idref="fl-151"/>
      </object_component>
      <object_component id="oc-6c">
         <name>.debug_info</name>
         <load_address>0x1fb2</load_address>
         <run_address>0x1fb2</run_address>
         <size>0x1dd</size>
         <input_file_ref idref="fl-151"/>
      </object_component>
      <object_component id="oc-71">
         <name>.debug_info</name>
         <load_address>0x218f</load_address>
         <run_address>0x218f</run_address>
         <size>0x1eb</size>
         <input_file_ref idref="fl-151"/>
      </object_component>
      <object_component id="oc-76">
         <name>.debug_info</name>
         <load_address>0x237a</load_address>
         <run_address>0x237a</run_address>
         <size>0x1c7</size>
         <input_file_ref idref="fl-14f"/>
      </object_component>
      <object_component id="oc-7b">
         <name>.debug_info</name>
         <load_address>0x2541</load_address>
         <run_address>0x2541</run_address>
         <size>0x3157</size>
         <input_file_ref idref="fl-8"/>
      </object_component>
      <object_component id="oc-80">
         <name>.debug_info</name>
         <load_address>0x5698</load_address>
         <run_address>0x5698</run_address>
         <size>0x1cc</size>
         <input_file_ref idref="fl-150"/>
      </object_component>
      <object_component id="oc-85">
         <name>.debug_info</name>
         <load_address>0x5864</load_address>
         <run_address>0x5864</run_address>
         <size>0xb9</size>
         <input_file_ref idref="fl-9"/>
      </object_component>
      <object_component id="oc-87">
         <name>.debug_info</name>
         <load_address>0x591d</load_address>
         <run_address>0x591d</run_address>
         <size>0xc4</size>
         <input_file_ref idref="fl-9"/>
      </object_component>
      <object_component id="oc-89">
         <name>.debug_info</name>
         <load_address>0x59e1</load_address>
         <run_address>0x59e1</run_address>
         <size>0x207</size>
         <input_file_ref idref="fl-151"/>
      </object_component>
      <object_component id="oc-8e">
         <name>.debug_info</name>
         <load_address>0x5be8</load_address>
         <run_address>0x5be8</run_address>
         <size>0x1df</size>
         <input_file_ref idref="fl-151"/>
      </object_component>
      <object_component id="oc-93">
         <name>.debug_info</name>
         <load_address>0x5dc7</load_address>
         <run_address>0x5dc7</run_address>
         <size>0x18b</size>
         <input_file_ref idref="fl-2"/>
      </object_component>
      <object_component id="oc-9c">
         <name>.debug_info</name>
         <load_address>0x5f52</load_address>
         <run_address>0x5f52</run_address>
         <size>0x14b</size>
         <input_file_ref idref="fl-14c"/>
      </object_component>
      <object_component id="oc-a3">
         <name>.debug_info</name>
         <load_address>0x609d</load_address>
         <run_address>0x609d</run_address>
         <size>0x351</size>
         <input_file_ref idref="fl-c"/>
      </object_component>
      <object_component id="oc-a6">
         <name>.debug_info</name>
         <load_address>0x63ee</load_address>
         <run_address>0x63ee</run_address>
         <size>0x84</size>
         <input_file_ref idref="fl-2"/>
      </object_component>
      <object_component id="oc-ab">
         <name>.debug_info</name>
         <load_address>0x6472</load_address>
         <run_address>0x6472</run_address>
         <size>0x11b</size>
         <input_file_ref idref="fl-14a"/>
      </object_component>
      <object_component id="oc-ad">
         <name>.debug_info</name>
         <load_address>0x658d</load_address>
         <run_address>0x658d</run_address>
         <size>0xc8</size>
         <input_file_ref idref="fl-149"/>
      </object_component>
      <object_component id="oc-af">
         <name>.debug_info</name>
         <load_address>0x6655</load_address>
         <run_address>0x6655</run_address>
         <size>0xeb</size>
         <input_file_ref idref="fl-140"/>
      </object_component>
      <object_component id="oc-b1">
         <name>.debug_info</name>
         <load_address>0x6740</load_address>
         <run_address>0x6740</run_address>
         <size>0x146</size>
         <input_file_ref idref="fl-140"/>
      </object_component>
      <object_component id="oc-b5">
         <name>.debug_info</name>
         <load_address>0x6886</load_address>
         <run_address>0x6886</run_address>
         <size>0x2c</size>
         <input_file_ref idref="fl-13d"/>
      </object_component>
      <object_component id="oc-bc">
         <name>.debug_info</name>
         <load_address>0x68b2</load_address>
         <run_address>0x68b2</run_address>
         <size>0x2c</size>
         <input_file_ref idref="fl-6"/>
      </object_component>
      <object_component id="oc-c7">
         <name>.debug_info</name>
         <load_address>0x68de</load_address>
         <run_address>0x68de</run_address>
         <size>0x18b</size>
         <input_file_ref idref="fl-14d"/>
      </object_component>
      <object_component id="oc-cc">
         <name>.debug_info</name>
         <load_address>0x6a69</load_address>
         <run_address>0x6a69</run_address>
         <size>0x226</size>
         <input_file_ref idref="fl-14f"/>
      </object_component>
      <object_component id="oc-ce">
         <name>.debug_info</name>
         <load_address>0x6c8f</load_address>
         <run_address>0x6c8f</run_address>
         <size>0x10d</size>
         <input_file_ref idref="fl-151"/>
      </object_component>
      <object_component id="oc-d0">
         <name>.debug_info</name>
         <load_address>0x6d9c</load_address>
         <run_address>0x6d9c</run_address>
         <size>0x1d7</size>
         <input_file_ref idref="fl-151"/>
      </object_component>
      <object_component id="oc-d2">
         <name>.debug_info</name>
         <load_address>0x6f73</load_address>
         <run_address>0x6f73</run_address>
         <size>0x217</size>
         <input_file_ref idref="fl-151"/>
      </object_component>
      <object_component id="oc-d7">
         <name>.debug_info</name>
         <load_address>0x718a</load_address>
         <run_address>0x718a</run_address>
         <size>0x312</size>
         <input_file_ref idref="fl-151"/>
      </object_component>
      <object_component id="oc-df">
         <name>.debug_info</name>
         <load_address>0x749c</load_address>
         <run_address>0x749c</run_address>
         <size>0x2b0</size>
         <input_file_ref idref="fl-150"/>
      </object_component>
      <object_component id="oc-e4">
         <name>.debug_info</name>
         <load_address>0x774c</load_address>
         <run_address>0x774c</run_address>
         <size>0x1ce</size>
         <input_file_ref idref="fl-150"/>
      </object_component>
      <object_component id="oc-e9">
         <name>.debug_info</name>
         <load_address>0x791a</load_address>
         <run_address>0x791a</run_address>
         <size>0x1d4</size>
         <input_file_ref idref="fl-150"/>
      </object_component>
      <object_component id="oc-ee">
         <name>.debug_info</name>
         <load_address>0x7aee</load_address>
         <run_address>0x7aee</run_address>
         <size>0x2c</size>
         <input_file_ref idref="fl-2"/>
      </object_component>
      <object_component id="oc-f3">
         <name>.debug_info</name>
         <load_address>0x7b1a</load_address>
         <run_address>0x7b1a</run_address>
         <size>0x176</size>
         <input_file_ref idref="fl-8"/>
      </object_component>
      <object_component id="oc-f5">
         <name>.debug_info</name>
         <load_address>0x7c90</load_address>
         <run_address>0x7c90</run_address>
         <size>0x1c2</size>
         <input_file_ref idref="fl-150"/>
      </object_component>
      <object_component id="oc-f7">
         <name>.debug_info</name>
         <load_address>0x7e52</load_address>
         <run_address>0x7e52</run_address>
         <size>0x1ba</size>
         <input_file_ref idref="fl-150"/>
      </object_component>
      <object_component id="oc-fa">
         <name>.debug_info</name>
         <load_address>0x800c</load_address>
         <run_address>0x800c</run_address>
         <size>0x4b4</size>
         <input_file_ref idref="fl-9"/>
      </object_component>
      <object_component id="oc-100">
         <name>.debug_info</name>
         <load_address>0x84c0</load_address>
         <run_address>0x84c0</run_address>
         <size>0x148</size>
         <input_file_ref idref="fl-14c"/>
      </object_component>
      <object_component id="oc-102">
         <name>.debug_info</name>
         <load_address>0x8608</load_address>
         <run_address>0x8608</run_address>
         <size>0x363</size>
         <input_file_ref idref="fl-14f"/>
      </object_component>
      <object_component id="oc-10a">
         <name>.debug_info</name>
         <load_address>0x896b</load_address>
         <run_address>0x896b</run_address>
         <size>0xbe1</size>
         <input_file_ref idref="fl-4"/>
      </object_component>
      <object_component id="oc-10e">
         <name>.debug_info</name>
         <load_address>0x954c</load_address>
         <run_address>0x954c</run_address>
         <size>0x175f</size>
         <input_file_ref idref="fl-5"/>
      </object_component>
      <object_component id="oc-111">
         <name>.debug_info</name>
         <load_address>0xacab</load_address>
         <run_address>0xacab</run_address>
         <size>0x1517</size>
         <input_file_ref idref="fl-6"/>
      </object_component>
      <object_component id="oc-116">
         <name>.debug_info</name>
         <load_address>0xc1c2</load_address>
         <run_address>0xc1c2</run_address>
         <size>0x4c2</size>
         <input_file_ref idref="fl-a"/>
      </object_component>
      <object_component id="oc-11b">
         <name>.debug_info</name>
         <load_address>0xc684</load_address>
         <run_address>0xc684</run_address>
         <size>0x582</size>
         <input_file_ref idref="fl-7"/>
      </object_component>
      <object_component id="oc-120">
         <name>.debug_info</name>
         <load_address>0xcc06</load_address>
         <run_address>0xcc06</run_address>
         <size>0x5ed</size>
         <input_file_ref idref="fl-b"/>
      </object_component>
      <object_component id="oc-125">
         <name>.debug_info</name>
         <load_address>0xd1f3</load_address>
         <run_address>0xd1f3</run_address>
         <size>0x46f</size>
         <input_file_ref idref="fl-c"/>
      </object_component>
      <object_component id="oc-129">
         <name>.debug_info</name>
         <load_address>0xd662</load_address>
         <run_address>0xd662</run_address>
         <size>0x5e</size>
         <input_file_ref idref="fl-14a"/>
      </object_component>
      <object_component id="oc-12f">
         <name>.debug_info</name>
         <load_address>0xd6c0</load_address>
         <run_address>0xd6c0</run_address>
         <size>0x1d4</size>
         <input_file_ref idref="fl-149"/>
      </object_component>
      <object_component id="oc-135">
         <name>.debug_info</name>
         <load_address>0xd894</load_address>
         <run_address>0xd894</run_address>
         <size>0xd9</size>
         <input_file_ref idref="fl-149"/>
      </object_component>
      <object_component id="oc-13a">
         <name>.debug_info</name>
         <load_address>0xd96d</load_address>
         <run_address>0xd96d</run_address>
         <size>0x90</size>
         <input_file_ref idref="fl-14d"/>
      </object_component>
      <object_component id="oc-141">
         <name>.debug_info</name>
         <load_address>0xd9fd</load_address>
         <run_address>0xd9fd</run_address>
         <size>0x5f</size>
         <input_file_ref idref="fl-14f"/>
      </object_component>
      <object_component id="oc-14d">
         <name>.debug_info</name>
         <load_address>0xda5c</load_address>
         <run_address>0xda5c</run_address>
         <size>0x109</size>
         <input_file_ref idref="fl-150"/>
      </object_component>
      <object_component id="oc-151">
         <name>.debug_info</name>
         <load_address>0xdb65</load_address>
         <run_address>0xdb65</run_address>
         <size>0x217</size>
         <input_file_ref idref="fl-150"/>
      </object_component>
      <object_component id="oc-15e">
         <name>.debug_info</name>
         <load_address>0xdd7c</load_address>
         <run_address>0xdd7c</run_address>
         <size>0x178</size>
         <input_file_ref idref="fl-9"/>
      </object_component>
      <object_component id="oc-163">
         <name>.debug_info</name>
         <load_address>0xdef4</load_address>
         <run_address>0xdef4</run_address>
         <size>0x6a0</size>
         <input_file_ref idref="fl-4"/>
      </object_component>
      <object_component id="oc-16a">
         <name>.debug_info</name>
         <load_address>0xe594</load_address>
         <run_address>0xe594</run_address>
         <size>0xcd</size>
         <input_file_ref idref="fl-14c"/>
      </object_component>
      <object_component id="oc-173">
         <name>.debug_info</name>
         <load_address>0xe661</load_address>
         <run_address>0xe661</run_address>
         <size>0x1f6</size>
         <input_file_ref idref="fl-14e"/>
      </object_component>
      <object_component id="oc-177">
         <name>.debug_info</name>
         <load_address>0xe857</load_address>
         <run_address>0xe857</run_address>
         <size>0x219</size>
         <input_file_ref idref="fl-14f"/>
      </object_component>
      <object_component id="oc-17d">
         <name>.debug_info</name>
         <load_address>0xea70</load_address>
         <run_address>0xea70</run_address>
         <size>0x21e</size>
         <input_file_ref idref="fl-14e"/>
      </object_component>
      <object_component id="oc-182">
         <name>.debug_info</name>
         <load_address>0xec8e</load_address>
         <run_address>0xec8e</run_address>
         <size>0x1f0</size>
         <input_file_ref idref="fl-14e"/>
      </object_component>
      <object_component id="oc-187">
         <name>.debug_info</name>
         <load_address>0xee7e</load_address>
         <run_address>0xee7e</run_address>
         <size>0x214</size>
         <input_file_ref idref="fl-14e"/>
      </object_component>
      <object_component id="oc-18c">
         <name>.debug_info</name>
         <load_address>0xf092</load_address>
         <run_address>0xf092</run_address>
         <size>0x1e3</size>
         <input_file_ref idref="fl-14e"/>
      </object_component>
      <object_component id="oc-191">
         <name>.debug_info</name>
         <load_address>0xf275</load_address>
         <run_address>0xf275</run_address>
         <size>0x1f8</size>
         <input_file_ref idref="fl-14e"/>
      </object_component>
      <object_component id="oc-195">
         <name>.debug_info</name>
         <load_address>0xf46d</load_address>
         <run_address>0xf46d</run_address>
         <size>0x326</size>
         <input_file_ref idref="fl-4"/>
      </object_component>
      <object_component id="oc-1a0">
         <name>.debug_info</name>
         <load_address>0xf793</load_address>
         <run_address>0xf793</run_address>
         <size>0x86</size>
         <input_file_ref idref="fl-4"/>
      </object_component>
      <object_component id="oc-1a6">
         <name>.debug_info</name>
         <load_address>0xf819</load_address>
         <run_address>0xf819</run_address>
         <size>0x1a4</size>
         <input_file_ref idref="fl-150"/>
      </object_component>
      <object_component id="oc-1ab">
         <name>.debug_info</name>
         <load_address>0xf9bd</load_address>
         <run_address>0xf9bd</run_address>
         <size>0x1a2</size>
         <input_file_ref idref="fl-150"/>
      </object_component>
      <object_component id="oc-1b0">
         <name>.debug_info</name>
         <load_address>0xfb5f</load_address>
         <run_address>0xfb5f</run_address>
         <size>0xc9</size>
         <input_file_ref idref="fl-5"/>
      </object_component>
      <object_component id="oc-1b3">
         <name>.debug_info</name>
         <load_address>0xfc28</load_address>
         <run_address>0xfc28</run_address>
         <size>0x1d8</size>
         <input_file_ref idref="fl-5"/>
      </object_component>
      <object_component id="oc-1b6">
         <name>.debug_info</name>
         <load_address>0xfe00</load_address>
         <run_address>0xfe00</run_address>
         <size>0x6d3</size>
         <input_file_ref idref="fl-e"/>
      </object_component>
      <object_component id="oc-1ba">
         <name>.debug_info</name>
         <load_address>0x104d3</load_address>
         <run_address>0x104d3</run_address>
         <size>0xe4c</size>
         <input_file_ref idref="fl-2"/>
      </object_component>
      <object_component id="oc-1bf">
         <name>.debug_info</name>
         <load_address>0x1131f</load_address>
         <run_address>0x1131f</run_address>
         <size>0xd1</size>
         <input_file_ref idref="fl-6"/>
      </object_component>
      <object_component id="oc-1c1">
         <name>.debug_info</name>
         <load_address>0x113f0</load_address>
         <run_address>0x113f0</run_address>
         <size>0xe7</size>
         <input_file_ref idref="fl-6"/>
      </object_component>
      <object_component id="oc-1c3">
         <name>.debug_info</name>
         <load_address>0x114d7</load_address>
         <run_address>0x114d7</run_address>
         <size>0xd3</size>
         <input_file_ref idref="fl-6"/>
      </object_component>
      <object_component id="oc-1c5">
         <name>.debug_info</name>
         <load_address>0x115aa</load_address>
         <run_address>0x115aa</run_address>
         <size>0xe1</size>
         <input_file_ref idref="fl-6"/>
      </object_component>
      <object_component id="oc-1c7">
         <name>.debug_info</name>
         <load_address>0x1168b</load_address>
         <run_address>0x1168b</run_address>
         <size>0x4a6</size>
         <input_file_ref idref="fl-6"/>
      </object_component>
      <object_component id="oc-1cc">
         <name>.debug_info</name>
         <load_address>0x11b31</load_address>
         <run_address>0x11b31</run_address>
         <size>0xe1</size>
         <input_file_ref idref="fl-6"/>
      </object_component>
      <object_component id="oc-1d3">
         <name>.debug_info</name>
         <load_address>0x11c12</load_address>
         <run_address>0x11c12</run_address>
         <size>0x1b0</size>
         <input_file_ref idref="fl-147"/>
      </object_component>
      <object_component id="oc-1d8">
         <name>.debug_info</name>
         <load_address>0x11dc2</load_address>
         <run_address>0x11dc2</run_address>
         <size>0xde</size>
         <input_file_ref idref="fl-6"/>
      </object_component>
      <object_component id="oc-1da">
         <name>.debug_info</name>
         <load_address>0x11ea0</load_address>
         <run_address>0x11ea0</run_address>
         <size>0xa19</size>
         <input_file_ref idref="fl-d"/>
      </object_component>
      <object_component id="oc-1e3">
         <name>.debug_info</name>
         <load_address>0x128b9</load_address>
         <run_address>0x128b9</run_address>
         <size>0x192</size>
         <input_file_ref idref="fl-6"/>
      </object_component>
      <object_component id="oc-1e8">
         <name>.debug_info</name>
         <load_address>0x12a4b</load_address>
         <run_address>0x12a4b</run_address>
         <size>0x5a</size>
         <input_file_ref idref="fl-2"/>
      </object_component>
      <object_component id="oc-1ed">
         <name>.debug_info</name>
         <load_address>0x12aa5</load_address>
         <run_address>0x12aa5</run_address>
         <size>0xa9</size>
         <input_file_ref idref="fl-6"/>
      </object_component>
      <object_component id="oc-1f2">
         <name>.debug_info</name>
         <load_address>0x12b4e</load_address>
         <run_address>0x12b4e</run_address>
         <size>0x4e</size>
         <input_file_ref idref="fl-2"/>
      </object_component>
      <object_component id="oc-1fa">
         <name>.debug_info</name>
         <load_address>0x12b9c</load_address>
         <run_address>0x12b9c</run_address>
         <size>0xe1</size>
         <input_file_ref idref="fl-148"/>
      </object_component>
      <object_component id="oc-1fc">
         <name>.debug_info</name>
         <load_address>0x12c7d</load_address>
         <run_address>0x12c7d</run_address>
         <size>0xed</size>
         <input_file_ref idref="fl-142"/>
      </object_component>
      <object_component id="oc-201">
         <name>.debug_info</name>
         <load_address>0x12d6a</load_address>
         <run_address>0x12d6a</run_address>
         <size>0xff</size>
         <input_file_ref idref="fl-141"/>
      </object_component>
      <object_component id="oc-204">
         <name>.debug_info</name>
         <load_address>0x12e69</load_address>
         <run_address>0x12e69</run_address>
         <size>0xe1</size>
         <input_file_ref idref="fl-143"/>
      </object_component>
      <object_component id="oc-208">
         <name>.debug_info</name>
         <load_address>0x12f4a</load_address>
         <run_address>0x12f4a</run_address>
         <size>0x1e9</size>
         <input_file_ref idref="fl-151"/>
      </object_component>
      <object_component id="oc-20d">
         <name>.debug_info</name>
         <load_address>0x13133</load_address>
         <run_address>0x13133</run_address>
         <size>0x307</size>
         <input_file_ref idref="fl-a"/>
      </object_component>
      <object_component id="oc-215">
         <name>.debug_info</name>
         <load_address>0x1343a</load_address>
         <run_address>0x1343a</run_address>
         <size>0x83</size>
         <input_file_ref idref="fl-a"/>
      </object_component>
      <object_component id="oc-21b">
         <name>.debug_info</name>
         <load_address>0x134bd</load_address>
         <run_address>0x134bd</run_address>
         <size>0x1dd</size>
         <input_file_ref idref="fl-151"/>
      </object_component>
      <object_component id="oc-220">
         <name>.debug_info</name>
         <load_address>0x1369a</load_address>
         <run_address>0x1369a</run_address>
         <size>0x28a</size>
         <input_file_ref idref="fl-153"/>
      </object_component>
      <object_component id="oc-225">
         <name>.debug_info</name>
         <load_address>0x13924</load_address>
         <run_address>0x13924</run_address>
         <size>0x297</size>
         <input_file_ref idref="fl-153"/>
      </object_component>
      <object_component id="oc-22a">
         <name>.debug_info</name>
         <load_address>0x13bbb</load_address>
         <run_address>0x13bbb</run_address>
         <size>0x204</size>
         <input_file_ref idref="fl-153"/>
      </object_component>
      <object_component id="oc-22f">
         <name>.debug_info</name>
         <load_address>0x13dbf</load_address>
         <run_address>0x13dbf</run_address>
         <size>0x22c</size>
         <input_file_ref idref="fl-153"/>
      </object_component>
      <object_component id="oc-234">
         <name>.debug_info</name>
         <load_address>0x13feb</load_address>
         <run_address>0x13feb</run_address>
         <size>0x26a</size>
         <input_file_ref idref="fl-153"/>
      </object_component>
      <object_component id="oc-239">
         <name>.debug_info</name>
         <load_address>0x14255</load_address>
         <run_address>0x14255</run_address>
         <size>0x26f</size>
         <input_file_ref idref="fl-153"/>
      </object_component>
      <object_component id="oc-23e">
         <name>.debug_info</name>
         <load_address>0x144c4</load_address>
         <run_address>0x144c4</run_address>
         <size>0x20e</size>
         <input_file_ref idref="fl-153"/>
      </object_component>
      <object_component id="oc-243">
         <name>.debug_info</name>
         <load_address>0x146d2</load_address>
         <run_address>0x146d2</run_address>
         <size>0x211</size>
         <input_file_ref idref="fl-153"/>
      </object_component>
      <object_component id="oc-248">
         <name>.debug_info</name>
         <load_address>0x148e3</load_address>
         <run_address>0x148e3</run_address>
         <size>0x1fa</size>
         <input_file_ref idref="fl-153"/>
      </object_component>
      <object_component id="oc-24d">
         <name>.debug_info</name>
         <load_address>0x14add</load_address>
         <run_address>0x14add</run_address>
         <size>0x1f8</size>
         <input_file_ref idref="fl-153"/>
      </object_component>
      <object_component id="oc-252">
         <name>.debug_info</name>
         <load_address>0x14cd5</load_address>
         <run_address>0x14cd5</run_address>
         <size>0x62d</size>
         <input_file_ref idref="fl-7"/>
      </object_component>
      <object_component id="oc-257">
         <name>.debug_info</name>
         <load_address>0x15302</load_address>
         <run_address>0x15302</run_address>
         <size>0x21f</size>
         <input_file_ref idref="fl-151"/>
      </object_component>
      <object_component id="oc-25c">
         <name>.debug_info</name>
         <load_address>0x15521</load_address>
         <run_address>0x15521</run_address>
         <size>0x1f9</size>
         <input_file_ref idref="fl-151"/>
      </object_component>
      <object_component id="oc-261">
         <name>.debug_info</name>
         <load_address>0x1571a</load_address>
         <run_address>0x1571a</run_address>
         <size>0x1f3</size>
         <input_file_ref idref="fl-151"/>
      </object_component>
      <object_component id="oc-266">
         <name>.debug_info</name>
         <load_address>0x1590d</load_address>
         <run_address>0x1590d</run_address>
         <size>0x1f1</size>
         <input_file_ref idref="fl-151"/>
      </object_component>
      <object_component id="oc-26b">
         <name>.debug_info</name>
         <load_address>0x15afe</load_address>
         <run_address>0x15afe</run_address>
         <size>0x1e3</size>
         <input_file_ref idref="fl-151"/>
      </object_component>
      <object_component id="oc-270">
         <name>.debug_info</name>
         <load_address>0x15ce1</load_address>
         <run_address>0x15ce1</run_address>
         <size>0x26b</size>
         <input_file_ref idref="fl-b"/>
      </object_component>
      <object_component id="oc-27a">
         <name>.debug_info</name>
         <load_address>0x15f4c</load_address>
         <run_address>0x15f4c</run_address>
         <size>0x1cf</size>
         <input_file_ref idref="fl-14e"/>
      </object_component>
      <object_component id="oc-27c">
         <name>.debug_info</name>
         <load_address>0x1611b</load_address>
         <run_address>0x1611b</run_address>
         <size>0xff</size>
         <input_file_ref idref="fl-14f"/>
      </object_component>
      <object_component id="oc-282">
         <name>.debug_info</name>
         <load_address>0x1621a</load_address>
         <run_address>0x1621a</run_address>
         <size>0x2dd</size>
         <input_file_ref idref="fl-14e"/>
      </object_component>
      <object_component id="oc-28d">
         <name>.debug_info</name>
         <load_address>0x164f7</load_address>
         <run_address>0x164f7</run_address>
         <size>0x173</size>
         <input_file_ref idref="fl-152"/>
      </object_component>
      <object_component id="oc-293">
         <name>.debug_info</name>
         <load_address>0x1666a</load_address>
         <run_address>0x1666a</run_address>
         <size>0x176</size>
         <input_file_ref idref="fl-152"/>
      </object_component>
      <object_component id="oc-298">
         <name>.debug_info</name>
         <load_address>0x167e0</load_address>
         <run_address>0x167e0</run_address>
         <size>0x1c0</size>
         <input_file_ref idref="fl-5"/>
      </object_component>
      <object_component id="oc-2a0">
         <name>.debug_info</name>
         <load_address>0x169a0</load_address>
         <run_address>0x169a0</run_address>
         <size>0x13c</size>
         <input_file_ref idref="fl-e"/>
      </object_component>
      <object_component id="oc-2a5">
         <name>.debug_info</name>
         <load_address>0x16adc</load_address>
         <run_address>0x16adc</run_address>
         <size>0x28a</size>
         <input_file_ref idref="fl-14d"/>
      </object_component>
      <object_component id="oc-2aa">
         <name>.debug_info</name>
         <load_address>0x16d66</load_address>
         <run_address>0x16d66</run_address>
         <size>0x1b5</size>
         <input_file_ref idref="fl-14d"/>
      </object_component>
      <object_component id="oc-2af">
         <name>.debug_info</name>
         <load_address>0x16f1b</load_address>
         <run_address>0x16f1b</run_address>
[...]
         <object_component_ref idref="oc-29"/>
      </symbol>
      <symbol id="sm-4b8">
         <name>Motor3Step</name>
         <value>0x25f1</value>
         <object_component_ref idref="oc-29"/>
      </symbol>
      <symbol id="sm-4b9">
         <name>MotorsKillAll</name>
         <value>0x207d</value>
         <object_component_ref idref="oc-29"/>
      </symbol>
      <symbol id="sm-4ba">
         <name>motors</name>
         <value>0x20000df0</value>
         <object_component_ref idref="oc-84"/>
      </symbol>
      <symbol id="sm-4bb">
         <name>MotorsInit</name>
         <value>0x1e41</value>
         <object_component_ref idref="oc-29"/>
      </symbol>
      <symbol id="sm-4bc">
         <name>Motor1Step</name>
         <value>0x2563</value>
         <object_component_ref idref="oc-29"/>
      </symbol>
      <symbol id="sm-516">
         <name>midi_msg_states</name>
         <value>0x20000f19</value>
      </symbol>
      <symbol id="sm-517">
         <name>MIDI_VERSION</name>
         <value>0x20000ef4</value>
      </symbol>
      <symbol id="sm-518">
         <name>channel</name>
         <value>0x20000f16</value>
      </symbol>
      <symbol id="sm-519">
         <name>MidiInit</name>
         <value>0x39ed</value>
         <object_component_ref idref="oc-115"/>
      </symbol>
      <symbol id="sm-51a">
         <name>ProcessMidi</name>
         <value>0x3aed</value>
         <object_component_ref idref="oc-115"/>
      </symbol>
      <symbol id="sm-51b">
         <name>MidiSendMsg</name>
         <value>0x3a85</value>
         <object_component_ref idref="oc-115"/>
      </symbol>
      <symbol id="sm-51c">
         <name>MidiChannelUpdate</name>
         <value>0x3a21</value>
         <object_component_ref idref="oc-115"/>
      </symbol>
      <symbol id="sm-53e">
         <name>MajorInit</name>
         <value>0x3d31</value>
         <object_component_ref idref="oc-11f"/>
      </symbol>
      <symbol id="sm-53f">
         <name>ExternalSensorISR_PortE</name>
         <value>0x3dd3</value>
         <object_component_ref idref="oc-11f"/>
      </symbol>
      <symbol id="sm-540">
         <name>ExternalSensorISR_PortD</name>
         <value>0x3dad</value>
         <object_component_ref idref="oc-11f"/>
      </symbol>
      <symbol id="sm-541">
         <name>ExternalSensorISR_PortF</name>
         <value>0x3e8f</value>
         <object_component_ref idref="oc-11f"/>
      </symbol>
      <symbol id="sm-564">
         <name>TESLA_VERSION</name>
         <value>0x20000efc</value>
      </symbol>
      <symbol id="sm-565">
         <name>main</name>
         <value>0x44b5</value>
         <object_component_ref idref="oc-a0"/>
      </symbol>
      <symbol id="sm-566">
         <name>MotorStepTest</name>
         <value>0x454d</value>
         <object_component_ref idref="oc-a0"/>
      </symbol>
      <symbol id="sm-59f">
         <name>Push_int16</name>
         <value>0x2fef</value>
         <object_component_ref idref="oc-1d9"/>
      </symbol>
      <symbol id="sm-5a0">
         <name>PushHex</name>
         <value>0x30b3</value>
         <object_component_ref idref="oc-1d9"/>
      </symbol>
      <symbol id="sm-5a1">
         <name>PushStr</name>
         <value>0x3095</value>
         <object_component_ref idref="oc-1d9"/>
      </symbol>
      <symbol id="sm-5a2">
         <name>Push_printf</name>
         <value>0x2d69</value>
         <object_component_ref idref="oc-1d9"/>
      </symbol>
      <symbol id="sm-5a3">
         <name>PushFloat</name>
         <value>0x3125</value>
         <object_component_ref idref="oc-1d9"/>
      </symbol>
      <symbol id="sm-5a4">
         <name>Push_uint16</name>
         <value>0x2f49</value>
         <object_component_ref idref="oc-1d9"/>
      </symbol>
      <symbol id="sm-5a5">
         <name>Push_uint32</name>
         <value>0x3041</value>
         <object_component_ref idref="oc-1d9"/>
      </symbol>
      <symbol id="sm-5a6">
         <name>PushBinary16</name>
         <value>0x2fa7</value>
         <object_component_ref idref="oc-1d9"/>
      </symbol>
      <symbol id="sm-5a7">
         <name>Push_vprintf</name>
         <value>0x2d93</value>
         <object_component_ref idref="oc-1d9"/>
      </symbol>
      <symbol id="sm-5a8">
         <name>Push_int32</name>
         <value>0x301d</value>
         <object_component_ref idref="oc-1d9"/>
      </symbol>
      <symbol id="sm-5c6">
         <name>PushData</name>
         <value>0x40d1</value>
         <object_component_ref idref="oc-1b4"/>
      </symbol>
      <symbol id="sm-5c7">
         <name>BufferSetCallback</name>
         <value>0x40af</value>
         <object_component_ref idref="oc-1b4"/>
      </symbol>
      <symbol id="sm-5c8">
         <name>GetSize</name>
         <value>0x4065</value>
         <object_component_ref idref="oc-1b4"/>
      </symbol>
      <symbol id="sm-5c9">
         <name>Pop</name>
         <value>0x401f</value>
         <object_component_ref idref="oc-1b4"/>
      </symbol>
      <symbol id="sm-5ca">
         <name>BufferClearCallback</name>
         <value>0x40c1</value>
         <object_component_ref idref="oc-1b4"/>
      </symbol>
      <symbol id="sm-5cb">
         <name>BufferInit</name>
         <value>0x4073</value>
         <object_component_ref idref="oc-1b4"/>
      </symbol>
      <symbol id="sm-5cc">
         <name>Push</name>
         <value>0x3f9d</value>
         <object_component_ref idref="oc-1b4"/>
      </symbol>
      <symbol id="sm-5db">
         <name>_c_int00</name>
         <value>0x4ec5</value>
         <object_component_ref idref="oc-10"/>
      </symbol>
      <symbol id="sm-5dc">
         <name>__stack</name>
         <value>0x2000026c</value>
         <object_component_ref idref="oc-23"/>
      </symbol>
      <symbol id="sm-5f2">
         <name>__TI_decompress_none</name>
         <value>0x53f5</value>
         <object_component_ref idref="oc-14"/>
      </symbol>
      <symbol id="sm-614">
         <name>__TI_decompress_rle24</name>
         <value>0x54b5</value>
         <object_component_ref idref="oc-1e"/>
      </symbol>
      <symbol id="sm-627">
         <name>__TI_zero_init</name>
         <value>0x536f</value>
         <object_component_ref idref="oc-19"/>
      </symbol>
      <symbol id="sm-643">
         <name>C$$EXIT</name>
         <value>0x4fdd</value>
         <object_component_ref idref="oc-3a"/>
      </symbol>
      <symbol id="sm-644">
         <name>abort</name>
         <value>0x4fe1</value>
         <object_component_ref idref="oc-3a"/>
      </symbol>
      <symbol id="sm-645">
         <name>exit</name>
         <value>0x4fe9</value>
         <object_component_ref idref="oc-3a"/>
      </symbol>
      <symbol id="sm-646">
         <name>__TI_dtors_ptr</name>
         <value>0x20000fa8</value>
         <object_component_ref idref="oc-ae"/>
      </symbol>
      <symbol id="sm-647">
         <name>__TI_cleanup_ptr</name>
         <value>0x20000fa4</value>
         <object_component_ref idref="oc-ae"/>
      </symbol>
      <symbol id="sm-65d">
         <name>__aeabi_dsub</name>
         <value>0x4163</value>
         <object_component_ref idref="oc-1ff"/>
      </symbol>
      <symbol id="sm-65e">
         <name>__aeabi_dadd</name>
         <value>0x416d</value>
         <object_component_ref idref="oc-1ff"/>
      </symbol>
      <symbol id="sm-668">
         <name>__aeabi_dmul</name>
         <value>0x4875</value>
         <object_component_ref idref="oc-1fb"/>
      </symbol>
      <symbol id="sm-671">
         <name>__aeabi_d2iz</name>
         <value>0x4f0d</value>
         <object_component_ref idref="oc-203"/>
      </symbol>
      <symbol id="sm-67a">
         <name>__aeabi_d2f</name>
         <value>0x4e31</value>
         <object_component_ref idref="oc-2f9"/>
      </symbol>
      <symbol id="sm-694">
         <name>memcpy</name>
         <value>0x4a61</value>
         <object_component_ref idref="oc-42"/>
      </symbol>
      <symbol id="sm-695">
         <name>__aeabi_memcpy</name>
         <value>0x4a61</value>
         <object_component_ref idref="oc-42"/>
      </symbol>
      <symbol id="sm-696">
         <name>__aeabi_memcpy8</name>
         <value>0x4a61</value>
         <object_component_ref idref="oc-42"/>
      </symbol>
      <symbol id="sm-697">
         <name>__aeabi_memcpy4</name>
         <value>0x4a61</value>
         <object_component_ref idref="oc-42"/>
      </symbol>
      <symbol id="sm-69e">
         <name>main_func_sp</name>
         <value>0x20000fb4</value>
         <object_component_ref idref="oc-3f"/>
      </symbol>
      <symbol id="sm-6ad">
         <name>strncmp</name>
         <value>0x51b3</value>
         <object_component_ref idref="oc-1d2"/>
      </symbol>
      <symbol id="sm-6b6">
         <name>__aeabi_ui2d</name>
         <value>0x51d9</value>
         <object_component_ref idref="oc-1f7"/>
      </symbol>
      <symbol id="sm-6cc">
         <name>_nop</name>
         <value>0x530f</value>
         <object_component_ref idref="oc-12e"/>
      </symbol>
      <symbol id="sm-6cd">
         <name>_lock</name>
         <value>0x20000f9c</value>
         <object_component_ref idref="oc-ac"/>
      </symbol>
      <symbol id="sm-6ce">
         <name>_unlock</name>
         <value>0x20000fa0</value>
         <object_component_ref idref="oc-ac"/>
      </symbol>
      <symbol id="sm-6cf">
         <name>_register_lock</name>
         <value>0x5307</value>
         <object_component_ref idref="oc-12e"/>
      </symbol>
      <symbol id="sm-6d0">
         <name>_register_unlock</name>
         <value>0x5301</value>
         <object_component_ref idref="oc-12e"/>
      </symbol>
      <symbol id="sm-6e3">
         <name>_args_main</name>
         <value>0x52ad</value>
         <object_component_ref idref="oc-35"/>
      </symbol>
      <symbol id="sm-6ff">
         <name>__TI_auto_init</name>
         <value>0x4afd</value>
         <object_component_ref idref="oc-31"/>
      </symbol>
      <symbol id="sm-717">
         <name>copy_in</name>
         <value>0x4f99</value>
         <object_component_ref idref="oc-9a"/>
      </symbol>
      <symbol id="sm-7a7">
         <name>UARTCharPutNonBlocking</name>
         <value>0x53e7</value>
         <object_component_ref idref="oc-2bf"/>
      </symbol>
      <symbol id="sm-7a8">
         <name>UARTFIFODisable</name>
         <value>0x5469</value>
         <object_component_ref idref="oc-2a6"/>
      </symbol>
      <symbol id="sm-7a9">
         <name>UARTRxErrorClear</name>
         <value>0x54af</value>
         <object_component_ref idref="oc-2ab"/>
      </symbol>
      <symbol id="sm-7aa">
         <name>UARTConfigSetExpClk</name>
         <value>0x5021</value>
         <object_component_ref idref="oc-2a1"/>
      </symbol>
      <symbol id="sm-7ab">
         <name>UARTDisable</name>
         <value>0x5219</value>
         <object_component_ref idref="oc-332"/>
      </symbol>
      <symbol id="sm-7ac">
         <name>UARTIntEnable</name>
         <value>0x548f</value>
         <object_component_ref idref="oc-2b5"/>
      </symbol>
      <symbol id="sm-7ad">
         <name>UARTCharsAvail</name>
         <value>0x5427</value>
         <object_component_ref idref="oc-2c9"/>
      </symbol>
      <symbol id="sm-7ae">
         <name>UARTCharGetNonBlocking</name>
         <value>0x53d9</value>
         <object_component_ref idref="oc-2c4"/>
      </symbol>
      <symbol id="sm-7af">
         <name>UARTIntDisable</name>
         <value>0x5473</value>
         <object_component_ref idref="oc-2d3"/>
      </symbol>
      <symbol id="sm-7b0">
         <name>UARTEnable</name>
         <value>0x52ed</value>
         <object_component_ref idref="oc-337"/>
      </symbol>
      <symbol id="sm-7b1">
         <name>UARTIntStatus</name>
         <value>0x547d</value>
         <object_component_ref idref="oc-2ce"/>
      </symbol>
      <symbol id="sm-7b2">
         <name>UARTSpaceAvail</name>
         <value>0x5433</value>
         <object_component_ref idref="oc-2ba"/>
      </symbol>
      <symbol id="sm-7b3">
         <name>UARTIntRegister</name>
         <value>0x5295</value>
         <object_component_ref idref="oc-2b0"/>
      </symbol>
      <symbol id="sm-808">
         <name>TimerLoadSet</name>
         <value>0x535d</value>
         <object_component_ref idref="oc-17b"/>
      </symbol>
      <symbol id="sm-809">
         <name>TimerIntRegister</name>
         <value>0x527d</value>
         <object_component_ref idref="oc-185"/>
      </symbol>
      <symbol id="sm-80a">
         <name>TimerEnable</name>
         <value>0x53cb</value>
         <object_component_ref idref="oc-18a"/>
      </symbol>
      <symbol id="sm-80b">
         <name>TimerIntEnable</name>
         <value>0x5487</value>
         <object_component_ref idref="oc-18f"/>
      </symbol>
      <symbol id="sm-80c">
         <name>TimerConfigure</name>
         <value>0x4d31</value>
         <object_component_ref idref="oc-180"/>
      </symbol>
      <symbol id="sm-80d">
         <name>TimerIntClear</name>
         <value>0x54bf</value>
         <object_component_ref idref="oc-171"/>
      </symbol>
      <symbol id="sm-86d">
         <name>SysCtlClockSet</name>
         <value>0x4971</value>
         <object_component_ref idref="oc-101"/>
      </symbol>
      <symbol id="sm-86e">
         <name>SysCtlDelay</name>
         <value>0x54a9</value>
         <object_component_ref idref="oc-16f"/>
      </symbol>
      <symbol id="sm-86f">
         <name>SysCtlPeripheralEnable</name>
         <value>0x5155</value>
         <object_component_ref idref="oc-61"/>
      </symbol>
      <symbol id="sm-870">
         <name>SysCtlClockGet</name>
         <value>0x475d</value>
         <object_component_ref idref="oc-176"/>
      </symbol>
      <symbol id="sm-871">
         <name>SysCtlPWMClockSet</name>
         <value>0x52d9</value>
         <object_component_ref idref="oc-75"/>
      </symbol>
      <symbol id="sm-8db">
         <name>IntEnable</name>
         <value>0x4c71</value>
         <object_component_ref idref="oc-7f"/>
      </symbol>
      <symbol id="sm-8dc">
         <name>IntDisable</name>
         <value>0x4c11</value>
         <object_component_ref idref="oc-e3"/>
      </symbol>
      <symbol id="sm-8dd">
         <name>IntRegister</name>
         <value>0x5121</value>
         <object_component_ref idref="oc-de"/>
      </symbol>
      <symbol id="sm-8de">
         <name>IntMasterDisable</name>
         <value>0x5455</value>
         <object_component_ref idref="oc-1a5"/>
      </symbol>
      <symbol id="sm-8df">
         <name>IntUnregister</name>
         <value>0x52c5</value>
         <object_component_ref idref="oc-e8"/>
      </symbol>
      <symbol id="sm-8e0">
         <name>g_pfnRAMVectors</name>
         <value>0x20000000</value>
         <object_component_ref idref="oc-14c"/>
      </symbol>
      <symbol id="sm-8e1">
         <name>IntMasterEnable</name>
         <value>0x545f</value>
         <object_component_ref idref="oc-1aa"/>
      </symbol>
      <symbol id="sm-981">
         <name>GPIOPinTypePWM</name>
         <value>0x5339</value>
         <object_component_ref idref="oc-6b"/>
      </symbol>
      <symbol id="sm-982">
         <name>GPIOIntRegister</name>
         <value>0x524d</value>
         <object_component_ref idref="oc-25b"/>
      </symbol>
      <symbol id="sm-983">
         <name>GPIOPinConfigure</name>
         <value>0x4e7d</value>
         <object_component_ref idref="oc-66"/>
      </symbol>
      <symbol id="sm-984">
         <name>GPIOIntEnable</name>
         <value>0x541b</value>
         <object_component_ref idref="oc-260"/>
      </symbol>
      <symbol id="sm-985">
         <name>GPIOIntTypeSet</name>
         <value>0x4d8d</value>
         <object_component_ref idref="oc-256"/>
      </symbol>
      <symbol id="sm-986">
         <name>GPIOPinTypeADC</name>
         <value>0x5315</value>
         <object_component_ref idref="oc-21a"/>
      </symbol>
      <symbol id="sm-987">
         <name>GPIOPinTypeGPIOInput</name>
         <value>0x5327</value>
         <object_component_ref idref="oc-207"/>
      </symbol>
      <symbol id="sm-988">
         <name>GPIOIntClear</name>
         <value>0x5497</value>
         <object_component_ref idref="oc-265"/>
      </symbol>
      <symbol id="sm-989">
         <name>GPIOPinTypeUART</name>
         <value>0x534b</value>
         <object_component_ref idref="oc-2d8"/>
      </symbol>
      <symbol id="sm-98a">
         <name>GPIOIntStatus</name>
         <value>0x53bd</value>
         <object_component_ref idref="oc-26a"/>
      </symbol>
      <symbol id="sm-98b">
         <name>GPIOPinTypeGPIOOutput</name>
         <value>0x5265</value>
         <object_component_ref idref="oc-70"/>
      </symbol>
      <symbol id="sm-98c">
         <name>GPIOPinRead</name>
         <value>0x549d</value>
         <object_component_ref idref="oc-8d"/>
      </symbol>
      <symbol id="sm-98d">
         <name>GPIODirModeSet</name>
         <value>0x5189</value>
         <object_component_ref idref="oc-d1"/>
      </symbol>
      <symbol id="sm-98e">
         <name>GPIOPinWrite</name>
         <value>0x54a3</value>
         <object_component_ref idref="oc-88"/>
      </symbol>
      <symbol id="sm-98f">
         <name>GPIOPadConfigSet</name>
         <value>0x462d</value>
         <object_component_ref idref="oc-d6"/>
      </symbol>
      <symbol id="sm-99f">
         <name>CPUcpsie</name>
         <value>0x540f</value>
         <object_component_ref idref="oc-290"/>
      </symbol>
      <symbol id="sm-9a0">
         <name>CPUcpsid</name>
         <value>0x5403</value>
         <object_component_ref idref="oc-28a"/>
      </symbol>
      <symbol id="sm-a00">
         <name>ADCComparatorIntEnable</name>
         <value>0x5381</value>
         <object_component_ref idref="oc-23d"/>
      </symbol>
      <symbol id="sm-a01">
         <name>ADCComparatorIntClear</name>
         <value>0x54bb</value>
         <object_component_ref idref="oc-24c"/>
      </symbol>
      <symbol id="sm-a02">
         <name>ADCComparatorConfigure</name>
         <value>0x544b</value>
         <object_component_ref idref="oc-22e"/>
      </symbol>
      <symbol id="sm-a03">
         <name>ADCComparatorRegionSet</name>
         <value>0x53a1</value>
         <object_component_ref idref="oc-233"/>
      </symbol>
      <symbol id="sm-a04">
         <name>ADCSequenceEnable</name>
         <value>0x53af</value>
         <object_component_ref idref="oc-229"/>
      </symbol>
      <symbol id="sm-a05">
         <name>ADCSequenceConfigure</name>
         <value>0x50e1</value>
         <object_component_ref idref="oc-21f"/>
      </symbol>
      <symbol id="sm-a06">
         <name>ADCIntEnable</name>
         <value>0x5391</value>
         <object_component_ref idref="oc-247"/>
      </symbol>
      <symbol id="sm-a07">
         <name>ADCComparatorReset</name>
         <value>0x51f9</value>
         <object_component_ref idref="oc-238"/>
      </symbol>
      <symbol id="sm-a08">
         <name>ADCSequenceStepConfigure</name>
         <value>0x4b91</value>
         <object_component_ref idref="oc-224"/>
      </symbol>
      <symbol id="sm-a09">
         <name>ADCIntRegister</name>
         <value>0x5235</value>
         <object_component_ref idref="oc-242"/>
      </symbol>
      <symbol id="sm-a0a">
         <name>__TI_static_base__</name>
         <value>0x0</value>
      </symbol>
      <symbol id="sm-a0b">
         <name>__TI_args_main</name>
         <value>0x1</value>
      </symbol>
      <symbol id="sm-a0c">
         <name>SHT$$INIT_ARRAY$$Limit</name>
         <value>0x0</value>
      </symbol>
      <symbol id="sm-a0d">
         <name>SHT$$INIT_ARRAY$$Base</name>
         <value>0x0</value>
      </symbol>
   </symbol_table>
   <title>Link successful</title>
</link_info>
