******************************************************************************
                  TI ARM Linker PC v5.1.1                      
******************************************************************************
>> Linked Wed Sep 10 18:37:07 2014

OUTPUT FILE NAME:   <TeslaGallery.out>
ENTRY POINT SYMBOL: "_c_int00"  address: 00004ec5


MEMORY CONFIGURATION

         name            origin    length      used     unused   attr    fill
----------------------  --------  ---------  --------  --------  ----  --------
  FLASH                 00000000   00040000  000059ee  0003a612  R  X
  SRAM                  20000000   00008000  00000fb8  00007048  RW X


SEGMENT ALLOCATION MAP

run origin  load origin   length   init length attrs members
----------  ----------- ---------- ----------- ----- -------
00000000    00000000    000059f0   000059f0    r-x
  00000000    00000000    0000026c   0000026c    r-- .intvecs
  0000026c    0000026c    00005256   00005256    r-x .text
  000054c4    000054c4    00000464   00000464    r-- .const
  00005928    00005928    000000c8   000000c8    r-- .cinit
20000000    20000000    00000fba   00000000    rw-
  20000000    20000000    0000026c   00000000    rw- .vtable
  2000026c    2000026c    00000800   00000000    rw- .stack
  20000a6c    20000a6c    000004ae   00000000    rw- .bss
  20000f1c    20000f1c    0000009e   00000000    rw- .data


SECTION ALLOCATION MAP

 output                                  attributes/
section   page    origin      length       input sections
--------  ----  ----------  ----------   ----------------
.intvecs   0    00000000    0000026c     
                  00000000    0000026c     tm4c123gh6pm_startup_ccs.obj (.intvecs)

.init_array 
*          0    00000000    00000000     UNINITIALIZED

.text      0    0000026c    00005256     
                  0000026c    00001108     task.obj (.text)
                  00001374    00000acc     subsys.obj (.text)
                  00001e40    00000828     motor.obj (.text)
                  00002668    00000700     pwm.obj (.text)
                  00002d68    0000044c     buffer_printf.obj (.text)
                  000031b4    00000448     timing.obj (.text)
                  000035fc    000003cc     uart.obj (.text)
                  000039c8    00000368     midi.obj (.text)
                  00003d30    0000026c     major.obj (.text)
                  00003f9c    000001c6     buffer.obj (.text)
                  00004162    000001b6     rtsv7M4_T_le_v4SPD16_eabi.lib : fd_add_t2.obj (.text)
                  00004318    0000019c     sensor.obj (.text)
                  000044b4    00000178     main.obj (.text)
                  0000462c    00000130     driverlib.lib : gpio.obj (.text:GPIOPadConfigSet)
                  0000475c    00000118                   : sysctl.obj (.text:SysCtlClockGet)
                  00004874    000000fc     rtsv7M4_T_le_v4SPD16_eabi.lib : fd_mul_t2.obj (.text)
                  00004970    000000f0     driverlib.lib : sysctl.obj (.text:SysCtlClockSet)
                  00004a60    0000009c     rtsv7M4_T_le_v4SPD16_eabi.lib : memcpy_t2.obj (.text)
                  00004afc    00000094                                   : auto_init.obj (.text)
                  00004b90    00000080     driverlib.lib : adc.obj (.text:ADCSequenceStepConfigure)
                  00004c10    00000060                   : interrupt.obj (.text:IntDisable)
                  00004c70    00000060                   : interrupt.obj (.text:IntEnable)
                  00004cd0    0000005e     rtsv7M4_T_le_v4SPD16_eabi.lib : copy_decompress_rle.obj (.text)
                  00004d2e    00000002     driverlib.lib : interrupt.obj (.text:_IntDefaultHandler)
                  00004d30    0000005c                   : timer.obj (.text:TimerConfigure)
                  00004d8c    00000056                   : gpio.obj (.text:GPIOIntTypeSet)
                  00004de2    00000002     --HOLE-- [fill = 0]
                  00004de4    0000004c                   : timer.obj (.text:_TimerIntNumberGet)
                  00004e30    0000004a     rtsv7M4_T_le_v4SPD16_eabi.lib : fd_tos_t2.obj (.text)
                  00004e7a    00000002     --HOLE-- [fill = 0]
                  00004e7c    00000048     driverlib.lib : gpio.obj (.text:GPIOPinConfigure)
                  00004ec4    00000048     rtsv7M4_T_le_v4SPD16_eabi.lib : boot.obj (.text)
                  00004f0c    00000048                                   : fd_toi_t2.obj (.text)
                  00004f54    00000044     driverlib.lib : adc.obj (.text:_ADCIntNumberGet)
                  00004f98    00000044     rtsv7M4_T_le_v4SPD16_eabi.lib : cpy_tbl.obj (.text)
                  00004fdc    00000044                                   : exit.obj (.text)
                  00005020    00000040     driverlib.lib : uart.obj (.text:UARTConfigSetExpClk)
                  00005060    00000040                   : gpio.obj (.text:_GPIOIntNumberGet)
                  000050a0    00000040                   : uart.obj (.text:_UARTIntNumberGet)
                  000050e0    0000003e                   : adc.obj (.text:ADCSequenceConfigure)
                  0000511e    00000002     --HOLE-- [fill = 0]
                  00005120    00000034                   : interrupt.obj (.text:IntRegister)
                  00005154    00000034                   : sysctl.obj (.text:SysCtlPeripheralEnable)
                  00005188    0000002a                   : gpio.obj (.text:GPIODirModeSet)
                  000051b2    00000026     rtsv7M4_T_le_v4SPD16_eabi.lib : strncmp.obj (.text)
                  000051d8    00000020                                   : u_tofd_t2.obj (.text)
                  000051f8    0000001e     driverlib.lib : adc.obj (.text:ADCComparatorReset)
                  00005216    00000002     --HOLE-- [fill = 0]
                  00005218    0000001c                   : uart.obj (.text:UARTDisable)
                  00005234    00000018                   : adc.obj (.text:ADCIntRegister)
                  0000524c    00000018                   : gpio.obj (.text:GPIOIntRegister)
                  00005264    00000018                   : gpio.obj (.text:GPIOPinTypeGPIOOutput)
                  0000527c    00000018                   : timer.obj (.text:TimerIntRegister)
                  00005294    00000018                   : uart.obj (.text:UARTIntRegister)
                  000052ac    00000018     rtsv7M4_T_le_v4SPD16_eabi.lib : args_main.obj (.text)
                  000052c4    00000014     driverlib.lib : interrupt.obj (.text:IntUnregister)
                  000052d8    00000014                   : sysctl.obj (.text:SysCtlPWMClockSet)
                  000052ec    00000014                   : uart.obj (.text:UARTEnable)
                  00005300    00000014     rtsv7M4_T_le_v4SPD16_eabi.lib : _lock.obj (.text)
                  00005314    00000012     driverlib.lib : gpio.obj (.text:GPIOPinTypeADC)
                  00005326    00000012                   : gpio.obj (.text:GPIOPinTypeGPIOInput)
                  00005338    00000012                   : gpio.obj (.text:GPIOPinTypePWM)
                  0000534a    00000012                   : gpio.obj (.text:GPIOPinTypeUART)
                  0000535c    00000012                   : timer.obj (.text:TimerLoadSet)
                  0000536e    00000012     rtsv7M4_T_le_v4SPD16_eabi.lib : copy_zero_init.obj (.text:decompress:ZI)
                  00005380    00000010     driverlib.lib : adc.obj (.text:ADCComparatorIntEnable)
                  00005390    00000010                   : adc.obj (.text:ADCIntEnable)
                  000053a0    0000000e                   : adc.obj (.text:ADCComparatorRegionSet)
                  000053ae    0000000e                   : adc.obj (.text:ADCSequenceEnable)
                  000053bc    0000000e                   : gpio.obj (.text:GPIOIntStatus)
                  000053ca    0000000e                   : timer.obj (.text:TimerEnable)
                  000053d8    0000000e                   : uart.obj (.text:UARTCharGetNonBlocking)
                  000053e6    0000000e                   : uart.obj (.text:UARTCharPutNonBlocking)
                  000053f4    0000000e     rtsv7M4_T_le_v4SPD16_eabi.lib : copy_decompress_none.obj (.text:decompress:none)
                  00005402    0000000c     driverlib.lib : cpu.obj (.text:CPUcpsid)
                  0000540e    0000000c                   : cpu.obj (.text:CPUcpsie)
                  0000541a    0000000c                   : gpio.obj (.text:GPIOIntEnable)
                  00005426    0000000c                   : uart.obj (.text:UARTCharsAvail)
                  00005432    0000000c                   : uart.obj (.text:UARTSpaceAvail)
                  0000543e    0000000c     tm4c123gh6pm_startup_ccs.obj (.text)
                  0000544a    0000000a     driverlib.lib : adc.obj (.text:ADCComparatorConfigure)
                  00005454    0000000a                   : interrupt.obj (.text:IntMasterDisable)
                  0000545e    0000000a                   : interrupt.obj (.text:IntMasterEnable)
                  00005468    0000000a                   : uart.obj (.text:UARTFIFODisable)
                  00005472    0000000a                   : uart.obj (.text:UARTIntDisable)
                  0000547c    0000000a                   : uart.obj (.text:UARTIntStatus)
                  00005486    00000008                   : timer.obj (.text:TimerIntEnable)
                  0000548e    00000008                   : uart.obj (.text:UARTIntEnable)
                  00005496    00000006                   : gpio.obj (.text:GPIOIntClear)
                  0000549c    00000006                   : gpio.obj (.text:GPIOPinRead)
                  000054a2    00000006                   : gpio.obj (.text:GPIOPinWrite)
                  000054a8    00000006                   : sysctl.obj (.text:SysCtlDelay)
                  000054ae    00000006                   : uart.obj (.text:UARTRxErrorClear)
                  000054b4    00000006     rtsv7M4_T_le_v4SPD16_eabi.lib : copy_decompress_rle.obj (.text:decompress:rle24)
                  000054ba    00000004     driverlib.lib : adc.obj (.text:ADCComparatorIntClear)
                  000054be    00000004                   : timer.obj (.text:TimerIntClear)

.const     0    000054c4    00000464     
                  000054c4    000000c0     driverlib.lib : gpio.obj (.const:g_ppui32GPIOIntMapBlizzard)
                  00005584    000000c0                   : gpio.obj (.const:g_ppui32GPIOIntMapSnowflake)
                  00005644    00000090                   : gpio.obj (.const:g_pui32GPIOBaseAddrs)
                  000056d4    00000070                   : interrupt.obj (.const)
                  00005744    0000006c                   : sysctl.obj (.const:g_pui32Xtals)
                  000057b0    00000060                   : timer.obj (.const:g_ppui32TimerIntMap)
                  00005810    00000056     subsys.obj (.const:.string)
                  00005866    00000002     --HOLE-- [fill = 0]
                  00005868    00000040     driverlib.lib : timer.obj (.const:g_ppui32TimerIntMapSnowflake)
                  000058a8    00000040                   : uart.obj (.const:g_ppui32UARTIntMap)
                  000058e8    00000040                   : uart.obj (.const:g_ppui32UARTIntMapSnowflake)

.cinit     0    00005928    000000c8     
                  00005928    0000008d     (.cinit..data.load) [load image, compression = rle]
                  000059b5    00000003     --HOLE-- [fill = 0]
                  000059b8    0000000c     (__TI_handler_table)
                  000059c4    00000004     --HOLE-- [fill = 0]
                  000059c8    00000008     (.cinit..bss.load) [load image, compression = zero_init]
                  000059d0    00000008     (.cinit..vtable.load) [load image, compression = zero_init]
                  000059d8    00000018     (__TI_cinit_table)

.vtable    0    20000000    0000026c     UNINITIALIZED
                  20000000    0000026c     driverlib.lib : interrupt.obj (.vtable)

.stack     0    2000026c    00000800     UNINITIALIZED
                  2000026c    00000800     --HOLE--

.bss       0    20000a6c    000004ae     UNINITIALIZED
                  20000a6c    000001f4     task.obj (.bss:tasks)
                  20000c60    00000080     subsys.obj (.bss:tx_buffer_array0)
                  20000ce0    00000080     subsys.obj (.bss:tx_buffer_array1)
                  20000d60    00000050     subsys.obj (.bss:subsystem)
                  20000db0    00000040     subsys.obj (.bss:receive_buffer)
                  20000df0    00000024     motor.obj (.bss:motors)
                  20000e14    00000020     (.common:rx_buffer_array0)
                  20000e34    00000020     (.common:rx_buffer_array1)
                  20000e54    00000018     (.common:rx0)
                  20000e6c    00000018     (.common:rx1)
                  20000e84    00000018     (.common:tx0)
                  20000e9c    00000018     (.common:tx1)
                  20000eb4    00000014     (.common:receivers0)
                  20000ec8    00000014     (.common:receivers1)
                  20000edc    00000010     (.common:uart)
                  20000eec    00000008     (.common:total_time)
                  20000ef4    00000004     (.common:MIDI_VERSION)
                  20000ef8    00000004     (.common:SENSOR_VERSION)
                  20000efc    00000004     (.common:TESLA_VERSION)
                  20000f00    00000004     (.common:lastSensor1Trigger)
                  20000f04    00000004     (.common:lastSensor2Trigger)
                  20000f08    00000004     (.common:length$2)
                  20000f0c    00000004     (.common:ms_time)
                  20000f10    00000004     (.common:rollover_time)
                  20000f14    00000002     (.common:noteEvent$1)
                  20000f16    00000001     (.common:channel)
                  20000f17    00000001     (.common:global_log_level)
                  20000f18    00000001     (.common:messageType$2)
                  20000f19    00000001     (.common:midi_msg_states)

.data      0    20000f1c    0000009e     UNINITIALIZED
                  20000f1c    00000054     motor.obj (.data:motor_config)
                  20000f70    0000002c     subsys.obj (.data:priority_level_name)
                  20000f9c    00000008     rtsv7M4_T_le_v4SPD16_eabi.lib : _lock.obj (.data)
                  20000fa4    00000008                                   : exit.obj (.data)
                  20000fac    00000008     task.obj (.data)
                  20000fb4    00000004     rtsv7M4_T_le_v4SPD16_eabi.lib : stkdepth_vars.obj (.data)
                  20000fb8    00000002     subsys.obj (.data)


LINKER GENERATED COPY TABLES

__TI_cinit_table @ 000059d8 records: 3, size/record: 8, table size: 24
	.data: load addr=00005928, load size=0000008d bytes, run addr=20000f1c, run size=0000009e bytes, compression=rle
	.bss: load addr=000059c8, load size=00000008 bytes, run addr=20000a6c, run size=000004ae bytes, compression=zero_init
	.vtable: load addr=000059d0, load size=00000008 bytes, run addr=20000000, run size=0000026c bytes, compression=zero_init


LINKER GENERATED HANDLER TABLE

__TI_handler_table @ 000059b8 records: 3, size/record: 4, table size: 12
	index: 0, handler: __TI_zero_init
	index: 1, handler: __TI_decompress_rle24
	index: 2, handler: __TI_decompress_none


GLOBAL SYMBOLS: SORTED ALPHABETICALLY BY Name 

address    name
--------   ----
0000544b   ADCComparatorConfigure
000054bb   ADCComparatorIntClear
00005381   ADCComparatorIntEnable
000053a1   ADCComparatorRegionSet
000051f9   ADCComparatorReset
00005391   ADCIntEnable
00005235   ADCIntRegister
000050e1   ADCSequenceConfigure
000053af   ADCSequenceEnable
00004b91   ADCSequenceStepConfigure
000040c1   BufferClearCallback
00004073   BufferInit
000040af   BufferSetCallback
00004fdd   C$$EXIT
00005403   CPUcpsid
0000540f   CPUcpsie
00000c11   ChangePriority
000035a5   DelayHr
0000358f   DelayMin
00003561   DelayMs
00003579   DelaySec
00003dad   ExternalSensorISR_PortD
00003dd3   ExternalSensorISR_PortE
00003e8f   ExternalSensorISR_PortF
000018ef   FlagStr2Int
00005189   GPIODirModeSet
00005497   GPIOIntClear
0000541b   GPIOIntEnable
0000524d   GPIOIntRegister
000053bd   GPIOIntStatus
00004d8d   GPIOIntTypeSet
0000462d   GPIOPadConfigSet
00004e7d   GPIOPinConfigure
0000549d   GPIOPinRead
00005315   GPIOPinTypeADC
00005327   GPIOPinTypeGPIOInput
00005265   GPIOPinTypeGPIOOutput
00005339   GPIOPinTypePWM
0000534b   GPIOPinTypeUART
000054a3   GPIOPinWrite
0000108d   GetAvailableTask
00001385   GetPriorityLevelName
00004065   GetSize
000013b1   GetSubsystemName
0000139b   GetSubsystemPriority
00004c11   IntDisable
00004c71   IntEnable
00005455   IntMasterDisable
0000545f   IntMasterEnable
00005121   IntRegister
000052c5   IntUnregister
00001165   IsTaskScheduled
0000137d   LogEchoOff
00001375   LogEchoOn
00001bad   LogHeader
00001a09   LogLevels
00001b41   LogMsg
00001a65   LogSetAllLevels
00001ab9   LogSetGlobalLevel
00001b0d   LogStr
000019b7   LogSubsystem
00001ad9   LogSubsystemLevel
00001943   LogVersions
20000ef4   MIDI_VERSION
00003d31   MajorInit
00003a21   MidiChannelUpdate
000039ed   MidiInit
00003a85   MidiSendMsg
00002563   Motor1Step
000025b1   Motor2Step
000025f1   Motor3Step
0000454d   MotorStepTest
00001e41   MotorsInit
0000207d   MotorsKillAll
000020f5   MotorsUpdate
00002ccb   PWMClockGet
00002cab   PWMClockSet
0000280d   PWMDeadBandDisable
000027d5   PWMDeadBandEnable
00002b75   PWMFaultIntClear
00002ba3   PWMFaultIntClearExt
00002a93   PWMFaultIntRegister
00002ab1   PWMFaultIntUnregister
00002669   PWMGenConfigure
00002727   PWMGenDisable
0000270d   PWMGenEnable
00002c75   PWMGenFaultClear
00002bc1   PWMGenFaultConfigure
00002c3f   PWMGenFaultStatus
00002c1b   PWMGenFaultTriggerGet
00002bf1   PWMGenFaultTriggerSet
00002b2d   PWMGenIntClear
00002a05   PWMGenIntRegister
00002b07   PWMGenIntStatus
00002ae9   PWMGenIntTrigDisable
00002acb   PWMGenIntTrigEnable
00002a2d   PWMGenIntUnregister
000026e3   PWMGenPeriodGet
000026b3   PWMGenPeriodSet
00002b5d   PWMIntDisable
00002b45   PWMIntEnable
00002b87   PWMIntStatus
000028d7   PWMOutputFault
000028a9   PWMOutputFaultLevel
0000287b   PWMOutputInvert
0000284d   PWMOutputState
00002cf5   PWMOutputUpdateMode
0000278b   PWMPulseWidthGet
00002741   PWMPulseWidthSet
0000283b   PWMSyncTimeBase
00002829   PWMSyncUpdate
0000401f   Pop
00003aed   ProcessMidi
00001675   ProcessMsg
00003f9d   Push
00002fa7   PushBinary16
000040d1   PushData
00003125   PushFloat
000030b3   PushHex
00003095   PushStr
00002fef   Push_int16
0000301d   Push_int32
00002d69   Push_printf
00002f49   Push_uint16
00003041   Push_uint32
00002d93   Push_vprintf
000003c7   QueueTask
00001593   ReceiveChar
00001579   RegisterCallback
00001c55   RegisterReceiverUART0
00001d65   RegisterReceiverUART1
000008c1   RemoveTask
0000094d   RemoveTaskFromQueue
00000aad   RemoveTaskFromSchedule
0000543f   ResetISR
00001009   RollTimer
20000ef8   SENSOR_VERSION
UNDEFED    SHT$$INIT_ARRAY$$Base
UNDEFED    SHT$$INIT_ARRAY$$Limit
00000755   ScheduleTask
000043c1   Sensor1ISR
0000443d   Sensor1OutOff
0000442f   Sensor1OutOn
000043fd   Sensor2ISR
00004459   Sensor2OutOff
0000444b   Sensor2OutOn
00004319   SensorInit
0000123d   ServiceTasks
0000147b   SubSystemTick
0000153f   SubsystemInit
0000475d   SysCtlClockGet
00004971   SysCtlClockSet
000054a9   SysCtlDelay
000052d9   SysCtlPWMClockSet
00005155   SysCtlPeripheralEnable
000013d7   SystemInit
00000c7d   SystemTick
20000efc   TESLA_VERSION
00000271   TaskInit
00000323   TaskQueueAdd
00000631   TaskReSchedule
00000605   TaskScheduleAdd
00000545   TaskScheduleAddCount
00000279   TaskShutdown
000002a1   TerminateAllTasks
00003231   TimeNow
00003261   TimeNowF
00003253   TimeNowHr
00003245   TimeNowMin
00003237   TimeNowSec
0000334f   TimeSince
000033b9   TimeSinceF
000033a5   TimeSinceHr
00003391   TimeSinceMin
0000337d   TimeSinceSec
00004d31   TimerConfigure
000053cb   TimerEnable
000031c9   TimerInit
000054bf   TimerIntClear
00005487   TimerIntEnable
0000527d   TimerIntRegister
0000535d   TimerLoadSet
000035d1   TimerPeriod
00003445   TimerRoll
000031b5   TimingISR
000036e9   UART0_ISR
00003685   UART0_TxCallback
000036f5   UART1_ISR
000036b7   UART1_TxCallback
00003701   UART2_ISR
0000370d   UART3_ISR
00003719   UART4_ISR
00003725   UART5_ISR
00003731   UART6_ISR
0000373d   UART7_ISR
000053d9   UARTCharGetNonBlocking
000053e7   UARTCharPutNonBlocking
00005427   UARTCharsAvail
00005021   UARTConfigSetExpClk
00005219   UARTDisable
000052ed   UARTEnable
00005469   UARTFIFODisable
00005473   UARTIntDisable
0000548f   UARTIntEnable
00005295   UARTIntRegister
0000547d   UARTIntStatus
000054af   UARTRxErrorClear
00005433   UARTSpaceAvail
00003749   UART_ISR
000035fd   UART_Init
000037b9   UART_InitHardware
000009c1   UnQueueTask
00000b25   UnScheduleTask
00001cc5   UnregisterReceiverUART0
00001db1   UnregisterReceiverUART1
0000105d   WaitMs
20000a6c   __STACK_END
00000800   __STACK_SIZE
2000046c   __STACK_TOP
000059d8   __TI_CINIT_Base
000059f0   __TI_CINIT_Limit
000059b8   __TI_Handler_Table_Base
000059c4   __TI_Handler_Table_Limit
00000001   __TI_args_main
00004afd   __TI_auto_init
20000fa4   __TI_cleanup_ptr
000053f5   __TI_decompress_none
000054b5   __TI_decompress_rle24
20000fa8   __TI_dtors_ptr
00000000   __TI_static_base__
0000536f   __TI_zero_init
00004e31   __aeabi_d2f
00004f0d   __aeabi_d2iz
0000416d   __aeabi_dadd
00004875   __aeabi_dmul
00004163   __aeabi_dsub
00004a61   __aeabi_memcpy
00004a61   __aeabi_memcpy4
00004a61   __aeabi_memcpy8
000051d9   __aeabi_ui2d
ffffffff   __binit__
ffffffff   __c_args__
2000026c   __stack
000052ad   _args_main
00004ec5   _c_int00
20000f9c   _lock
0000530f   _nop
00005307   _register_lock
00005301   _register_unlock
20000fa0   _unlock
00004fe1   abort
ffffffff   binit
20000f16   channel
00004f99   copy_in
00004fe9   exit
20000000   g_pfnRAMVectors
00000000   g_pfnVectors
20000f17   global_log_level
20000f00   lastSensor1Trigger
20000f04   lastSensor2Trigger
20000fb8   log_echo
000044b5   main
20000fb4   main_func_sp
00004a61   memcpy
20000f19   midi_msg_states
20000df0   motors
20000f0c   ms_time
20000f70   priority_level_name
20000db0   receive_buffer
20000eb4   receivers0
20000ec8   receivers1
20000f10   rollover_time
20000e54   rx0
20000e6c   rx1
20000e14   rx_buffer_array0
20000e34   rx_buffer_array1
000051b3   strncmp
20000d60   subsystem
20000a6c   tasks
20000eec   total_time
20000e84   tx0
20000e9c   tx1
20000c60   tx_buffer_array0
20000ce0   tx_buffer_array1
20000edc   uart


GLOBAL SYMBOLS: SORTED BY Symbol Address 

address    name
--------   ----
00000000   __TI_static_base__
00000000   g_pfnVectors
00000001   __TI_args_main
00000271   TaskInit
00000279   TaskShutdown
000002a1   TerminateAllTasks
00000323   TaskQueueAdd
000003c7   QueueTask
00000545   TaskScheduleAddCount
00000605   TaskScheduleAdd
00000631   TaskReSchedule
00000755   ScheduleTask
00000800   __STACK_SIZE
000008c1   RemoveTask
0000094d   RemoveTaskFromQueue
000009c1   UnQueueTask
00000aad   RemoveTaskFromSchedule
00000b25   UnScheduleTask
00000c11   ChangePriority
00000c7d   SystemTick
00001009   RollTimer
0000105d   WaitMs
0000108d   GetAvailableTask
00001165   IsTaskScheduled
0000123d   ServiceTasks
00001375   LogEchoOn
0000137d   LogEchoOff
00001385   GetPriorityLevelName
0000139b   GetSubsystemPriority
000013b1   GetSubsystemName
000013d7   SystemInit
0000147b   SubSystemTick
0000153f   SubsystemInit
00001579   RegisterCallback
00001593   ReceiveChar
00001675   ProcessMsg
000018ef   FlagStr2Int
00001943   LogVersions
000019b7   LogSubsystem
00001a09   LogLevels
00001a65   LogSetAllLevels
00001ab9   LogSetGlobalLevel
00001ad9   LogSubsystemLevel
00001b0d   LogStr
00001b41   LogMsg
00001bad   LogHeader
00001c55   RegisterReceiverUART0
00001cc5   UnregisterReceiverUART0
00001d65   RegisterReceiverUART1
00001db1   UnregisterReceiverUART1
00001e41   MotorsInit
0000207d   MotorsKillAll
000020f5   MotorsUpdate
00002563   Motor1Step
000025b1   Motor2Step
000025f1   Motor3Step
00002669   PWMGenConfigure
000026b3   PWMGenPeriodSet
000026e3   PWMGenPeriodGet
0000270d   PWMGenEnable
00002727   PWMGenDisable
00002741   PWMPulseWidthSet
0000278b   PWMPulseWidthGet
000027d5   PWMDeadBandEnable
0000280d   PWMDeadBandDisable
00002829   PWMSyncUpdate
0000283b   PWMSyncTimeBase
0000284d   PWMOutputState
0000287b   PWMOutputInvert
000028a9   PWMOutputFaultLevel
000028d7   PWMOutputFault
00002a05   PWMGenIntRegister
00002a2d   PWMGenIntUnregister
00002a93   PWMFaultIntRegister
00002ab1   PWMFaultIntUnregister
00002acb   PWMGenIntTrigEnable
00002ae9   PWMGenIntTrigDisable
00002b07   PWMGenIntStatus
00002b2d   PWMGenIntClear
00002b45   PWMIntEnable
00002b5d   PWMIntDisable
00002b75   PWMFaultIntClear
00002b87   PWMIntStatus
00002ba3   PWMFaultIntClearExt
00002bc1   PWMGenFaultConfigure
00002bf1   PWMGenFaultTriggerSet
00002c1b   PWMGenFaultTriggerGet
00002c3f   PWMGenFaultStatus
00002c75   PWMGenFaultClear
00002cab   PWMClockSet
00002ccb   PWMClockGet
00002cf5   PWMOutputUpdateMode
00002d69   Push_printf
00002d93   Push_vprintf
00002f49   Push_uint16
00002fa7   PushBinary16
00002fef   Push_int16
0000301d   Push_int32
00003041   Push_uint32
00003095   PushStr
000030b3   PushHex
00003125   PushFloat
000031b5   TimingISR
000031c9   TimerInit
00003231   TimeNow
00003237   TimeNowSec
00003245   TimeNowMin
00003253   TimeNowHr
00003261   TimeNowF
0000334f   TimeSince
0000337d   TimeSinceSec
00003391   TimeSinceMin
000033a5   TimeSinceHr
000033b9   TimeSinceF
00003445   TimerRoll
00003561   DelayMs
00003579   DelaySec
0000358f   DelayMin
000035a5   DelayHr
000035d1   TimerPeriod
000035fd   UART_Init
00003685   UART0_TxCallback
000036b7   UART1_TxCallback
000036e9   UART0_ISR
000036f5   UART1_ISR
00003701   UART2_ISR
0000370d   UART3_ISR
00003719   UART4_ISR
00003725   UART5_ISR
00003731   UART6_ISR
0000373d   UART7_ISR
00003749   UART_ISR
000037b9   UART_InitHardware
000039ed   MidiInit
00003a21   MidiChannelUpdate
00003a85   MidiSendMsg
00003aed   ProcessMidi
00003d31   MajorInit
00003dad   ExternalSensorISR_PortD
00003dd3   ExternalSensorISR_PortE
00003e8f   ExternalSensorISR_PortF
00003f9d   Push
0000401f   Pop
00004065   GetSize
00004073   BufferInit
000040af   BufferSetCallback
000040c1   BufferClearCallback
000040d1   PushData
00004163   __aeabi_dsub
0000416d   __aeabi_dadd
00004319   SensorInit
000043c1   Sensor1ISR
000043fd   Sensor2ISR
0000442f   Sensor1OutOn
0000443d   Sensor1OutOff
0000444b   Sensor2OutOn
00004459   Sensor2OutOff
000044b5   main
0000454d   MotorStepTest
0000462d   GPIOPadConfigSet
0000475d   SysCtlClockGet
00004875   __aeabi_dmul
00004971   SysCtlClockSet
00004a61   __aeabi_memcpy
00004a61   __aeabi_memcpy4
00004a61   __aeabi_memcpy8
00004a61   memcpy
00004afd   __TI_auto_init
00004b91   ADCSequenceStepConfigure
00004c11   IntDisable
00004c71   IntEnable
00004d31   TimerConfigure
00004d8d   GPIOIntTypeSet
00004e31   __aeabi_d2f
00004e7d   GPIOPinConfigure
00004ec5   _c_int00
00004f0d   __aeabi_d2iz
00004f99   copy_in
00004fdd   C$$EXIT
00004fe1   abort
00004fe9   exit
00005021   UARTConfigSetExpClk
000050e1   ADCSequenceConfigure
00005121   IntRegister
00005155   SysCtlPeripheralEnable
00005189   GPIODirModeSet
000051b3   strncmp
000051d9   __aeabi_ui2d
000051f9   ADCComparatorReset
00005219   UARTDisable
00005235   ADCIntRegister
0000524d   GPIOIntRegister
00005265   GPIOPinTypeGPIOOutput
0000527d   TimerIntRegister
00005295   UARTIntRegister
000052ad   _args_main
000052c5   IntUnregister
000052d9   SysCtlPWMClockSet
000052ed   UARTEnable
00005301   _register_unlock
00005307   _register_lock
0000530f   _nop
00005315   GPIOPinTypeADC
00005327   GPIOPinTypeGPIOInput
00005339   GPIOPinTypePWM
0000534b   GPIOPinTypeUART
0000535d   TimerLoadSet
0000536f   __TI_zero_init
00005381   ADCComparatorIntEnable
00005391   ADCIntEnable
000053a1   ADCComparatorRegionSet
000053af   ADCSequenceEnable
000053bd   GPIOIntStatus
000053cb   TimerEnable
000053d9   UARTCharGetNonBlocking
000053e7   UARTCharPutNonBlocking
000053f5   __TI_decompress_none
00005403   CPUcpsid
0000540f   CPUcpsie
0000541b   GPIOIntEnable
00005427   UARTCharsAvail
00005433   UARTSpaceAvail
0000543f   ResetISR
0000544b   ADCComparatorConfigure
00005455   IntMasterDisable
0000545f   IntMasterEnable
00005469   UARTFIFODisable
00005473   UARTIntDisable
0000547d   UARTIntStatus
00005487   TimerIntEnable
0000548f   UARTIntEnable
00005497   GPIOIntClear
0000549d   GPIOPinRead
000054a3   GPIOPinWrite
000054a9   SysCtlDelay
000054af   UARTRxErrorClear
000054b5   __TI_decompress_rle24
000054bb   ADCComparatorIntClear
000054bf   TimerIntClear
000059b8   __TI_Handler_Table_Base
000059c4   __TI_Handler_Table_Limit
000059d8   __TI_CINIT_Base
000059f0   __TI_CINIT_Limit
20000000   g_pfnRAMVectors
2000026c   __stack
2000046c   __STACK_TOP
20000a6c   __STACK_END
20000a6c   tasks
20000c60   tx_buffer_array0
20000ce0   tx_buffer_array1
20000d60   subsystem
20000db0   receive_buffer
20000df0   motors
20000e14   rx_buffer_array0
20000e34   rx_buffer_array1
20000e54   rx0
20000e6c   rx1
20000e84   tx0
20000e9c   tx1
20000eb4   receivers0
20000ec8   receivers1
20000edc   uart
20000eec   total_time
20000ef4   MIDI_VERSION
20000ef8   SENSOR_VERSION
20000efc   TESLA_VERSION
20000f00   lastSensor1Trigger
20000f04   lastSensor2Trigger
20000f0c   ms_time
20000f10   rollover_time
20000f16   channel
20000f17   global_log_level
20000f19   midi_msg_states
20000f70   priority_level_name
20000f9c   _lock
20000fa0   _unlock
20000fa4   __TI_cleanup_ptr
20000fa8   __TI_dtors_ptr
20000fb4   main_func_sp
20000fb8   log_echo
ffffffff   __binit__
ffffffff   __c_args__
ffffffff   binit
UNDEFED    SHT$$INIT_ARRAY$$Base
UNDEFED    SHT$$INIT_ARRAY$$Limit

[285 symbols]
